Archive member included to satisfy reference by file (symbol)

/usr/lib/gcc/arm-none-eabi/4.9.3/libgcc.a(_udivsi3.o)
                              /home/woods/Documents/Bachelorthesis/ModeLevelTaskModel_EDF/build/Demo/Drivers/print_473.o (__aeabi_uidiv)
/usr/lib/gcc/arm-none-eabi/4.9.3/libgcc.a(_dvmd_tls.o)
                              /usr/lib/gcc/arm-none-eabi/4.9.3/libgcc.a(_udivsi3.o) (__aeabi_idiv0)
/usr/lib/gcc/arm-none-eabi/4.9.3/libgcc.a(_arm_addsubdf3.o)
                              /home/woods/Documents/Bachelorthesis/ModeLevelTaskModel_EDF/build/Demo/main.o (__aeabi_i2d)
/usr/lib/gcc/arm-none-eabi/4.9.3/libgcc.a(_arm_muldivdf3.o)
                              /home/woods/Documents/Bachelorthesis/ModeLevelTaskModel_EDF/build/Demo/main.o (__aeabi_dmul)
/usr/lib/gcc/arm-none-eabi/4.9.3/libgcc.a(_arm_fixunsdfsi.o)
                              /home/woods/Documents/Bachelorthesis/ModeLevelTaskModel_EDF/build/Demo/main.o (__aeabi_d2uiz)
/usr/lib/arm-none-eabi/lib/libc.a(lib_a-memcpy.o)
                              /home/woods/Documents/Bachelorthesis/ModeLevelTaskModel_EDF/build/FreeRTOS/Source/queue.o (memcpy)
/usr/lib/arm-none-eabi/lib/libc.a(lib_a-memset.o)
                              /home/woods/Documents/Bachelorthesis/ModeLevelTaskModel_EDF/build/FreeRTOS/Source/tasks.o (memset)
/usr/lib/arm-none-eabi/lib/libc.a(lib_a-strncpy.o)
                              /home/woods/Documents/Bachelorthesis/ModeLevelTaskModel_EDF/build/FreeRTOS/Source/tasks.o (strncpy)

Allocating common symbols
Common symbol       size              file

s_bWereEnabled      0x1               /home/woods/Documents/Bachelorthesis/ModeLevelTaskModel_EDF/build/FreeRTOS/Source/portable/GCC/RaspberryPi/portisr.o

Memory Configuration

Name             Origin             Length             Attributes
RESERVED         0x0000000000000000 0x0000000000008000 r
INIT_RAM         0x0000000000008000 0x0000000000008000 xrw
RAM              0x0000000000010000 0x0000000010000000 xrw
*default*        0x0000000000000000 0xffffffffffffffff

Linker script and memory map

LOAD /home/woods/Documents/Bachelorthesis/ModeLevelTaskModel_EDF/build/FreeRTOS/Source/portable/GCC/RaspberryPi/port.o
LOAD /home/woods/Documents/Bachelorthesis/ModeLevelTaskModel_EDF/build/FreeRTOS/Source/portable/GCC/RaspberryPi/portisr.o
LOAD /home/woods/Documents/Bachelorthesis/ModeLevelTaskModel_EDF/build/FreeRTOS/Source/croutine.o
LOAD /home/woods/Documents/Bachelorthesis/ModeLevelTaskModel_EDF/build/FreeRTOS/Source/list.o
LOAD /home/woods/Documents/Bachelorthesis/ModeLevelTaskModel_EDF/build/FreeRTOS/Source/queue.o
LOAD /home/woods/Documents/Bachelorthesis/ModeLevelTaskModel_EDF/build/FreeRTOS/Source/tasks.o
LOAD /home/woods/Documents/Bachelorthesis/ModeLevelTaskModel_EDF/build/Demo/Drivers/irq.o
LOAD /home/woods/Documents/Bachelorthesis/ModeLevelTaskModel_EDF/build/Demo/Drivers/gpio.o
LOAD /home/woods/Documents/Bachelorthesis/ModeLevelTaskModel_EDF/build/Demo/Drivers/uart.o
LOAD /home/woods/Documents/Bachelorthesis/ModeLevelTaskModel_EDF/build/Demo/Drivers/print_473.o
LOAD /home/woods/Documents/Bachelorthesis/ModeLevelTaskModel_EDF/build//FreeRTOS/Source/portable/MemMang/heap_4.o
LOAD /home/woods/Documents/Bachelorthesis/ModeLevelTaskModel_EDF/build/Demo/startup.o
LOAD /home/woods/Documents/Bachelorthesis/ModeLevelTaskModel_EDF/build/Demo/main.o

.init           0x0000000000008000       0xa4
 *(.init)
 .init          0x0000000000008000       0xa4 /home/woods/Documents/Bachelorthesis/ModeLevelTaskModel_EDF/build/Demo/startup.o
                0x0000000000008000                _start

.module_entries
                0x00000000000080a4        0x0
                0x00000000000080a4                __module_entries_start = .
 *(.module_entries)
 *(.module_entries.*)
                0x00000000000080a4                __module_entries_end = .
                0x0000000000000000                __module_entries_size = SIZEOF (.module_entries)

.text           0x0000000000010000     0x6bb4
 *(.text)
 .text          0x0000000000010000      0x368 /home/woods/Documents/Bachelorthesis/ModeLevelTaskModel_EDF/build/FreeRTOS/Source/portable/GCC/RaspberryPi/port.o
                0x0000000000010000                xGetClkCount
                0x0000000000010030                pxPortInitialiseStack
                0x0000000000010270                xPortStartScheduler
                0x000000000001028c                vPortEndScheduler
                0x00000000000102a0                vTickISR
 .text          0x0000000000010368      0x2fc /home/woods/Documents/Bachelorthesis/ModeLevelTaskModel_EDF/build/FreeRTOS/Source/portable/GCC/RaspberryPi/portisr.o
                0x0000000000010368                vPortISRStartFirstTask
                0x00000000000103fc                vPortYieldProcessor
                0x00000000000104ac                vFreeRTOS_ISR
                0x000000000001055c                vPortEnterCritical
                0x00000000000105e4                vPortExitCritical
 .text          0x0000000000010664      0x754 /home/woods/Documents/Bachelorthesis/ModeLevelTaskModel_EDF/build/FreeRTOS/Source/croutine.o
                0x0000000000010664                xCoRoutineCreate
                0x00000000000107cc                vCoRoutineAddToDelayedList
                0x0000000000010b60                vCoRoutineSchedule
                0x0000000000010d2c                xCoRoutineRemoveFromEventList
 .text          0x0000000000010db8      0x314 /home/woods/Documents/Bachelorthesis/ModeLevelTaskModel_EDF/build/FreeRTOS/Source/list.o
                0x0000000000010db8                vListInitialise
                0x0000000000010e1c                vListInitialiseItem
                0x0000000000010e44                vListItemIndex
                0x0000000000010ed0                vListInsertEnd
                0x0000000000010f64                vListInsert
                0x0000000000011038                vListRemove
 .text          0x00000000000110cc      0xbbc /home/woods/Documents/Bachelorthesis/ModeLevelTaskModel_EDF/build/FreeRTOS/Source/queue.o
                0x00000000000110cc                xQueueGenericReset
                0x00000000000111e0                xQueueGenericCreate
                0x00000000000112a8                xQueueGenericSend
                0x0000000000011454                xQueueGenericSendFromISR
                0x0000000000011530                xQueueGenericReceive
                0x000000000001173c                xQueueReceiveFromISR
                0x000000000001181c                uxQueueMessagesWaiting
                0x0000000000011850                uxQueueMessagesWaitingFromISR
                0x0000000000011880                vQueueDelete
                0x0000000000011bb4                xQueueIsQueueEmptyFromISR
                0x0000000000011c40                xQueueIsQueueFullFromISR
 .text          0x0000000000011c88     0x2324 /home/woods/Documents/Bachelorthesis/ModeLevelTaskModel_EDF/build/FreeRTOS/Source/tasks.o
                0x0000000000011c88                prvUpdateTaskMode
                0x0000000000011d28                prvAddTaskToReadyQueue
                0x0000000000011e78                sendData
                0x0000000000011ee8                makePeriodic
                0x000000000001200c                xTaskGenericCreate
                0x00000000000122bc                vTaskDelete
                0x00000000000123b8                vTaskPeriodicDelay
                0x000000000001260c                vTaskDelayUntil
                0x0000000000012728                vTaskDelay
                0x00000000000127a8                uxTaskPeriodGet
                0x0000000000012814                uxTaskCurrentDeadlineGet
                0x000000000001288c                uxTaskCurrentModeGet
                0x00000000000128e4                uxTaskModeBreaksGet
                0x0000000000012950                uxTaskDeadlineGet
                0x00000000000129bc                uxTaskWCETGet
                0x0000000000012a28                uxTaskPriorityGet
                0x0000000000012a80                vTaskPrioritySet
                0x0000000000012bb4                vTaskSuspend
                0x0000000000012cb4                xTaskIsTaskSuspended
                0x0000000000012d30                vTaskResume
                0x0000000000012dc8                xTaskResumeFromISR
                0x0000000000012e88                vFinishEvaluation
                0x0000000000012fb8                vTaskStartScheduler
                0x00000000000130a4                vTaskEndScheduler
                0x00000000000130d8                vTaskSuspendAll
                0x0000000000013104                xTaskResumeAll
                0x000000000001325c                xTaskUnsuspendScheduler
                0x0000000000013374                xTaskGetTickCount
                0x00000000000133a8                xTaskGetTickCountFromISR
                0x00000000000133e0                uxTaskGetNumberOfTasks
                0x0000000000013404                xTaskGetIdleTaskHandle
                0x0000000000013428                vTaskIncrementTick
                0x00000000000135e4                vTaskSetApplicationTaskTag
                0x000000000001363c                xTaskGetApplicationTaskTag
                0x0000000000013698                xTaskCallApplicationTaskHook
                0x0000000000013714                vTaskSwitchContext
                0x00000000000137b8                vTaskPlaceOnEventList
                0x0000000000013850                xTaskRemoveFromEventList
                0x000000000001390c                vTaskSetTimeOutState
                0x0000000000013950                xTaskCheckForTimeOut
                0x0000000000013a44                vTaskMissedYield
 .text          0x0000000000013fac      0x3d8 /home/woods/Documents/Bachelorthesis/ModeLevelTaskModel_EDF/build/Demo/Drivers/irq.o
                0x0000000000014058                irqHandler
                0x0000000000014148                irqUnblock
                0x0000000000014160                irqBlock
                0x0000000000014178                irqRegister
                0x00000000000141d8                irqEnable
                0x00000000000142a8                irqDisable
 .text          0x0000000000014384      0x5b8 /home/woods/Documents/Bachelorthesis/ModeLevelTaskModel_EDF/build/Demo/Drivers/gpio.o
                0x0000000000014384                SetGpioFunction
                0x000000000001445c                SetGpioDirection
                0x000000000001448c                SetGpio
                0x0000000000014540                ReadGpio
                0x0000000000014590                EnableGpioDetect
                0x0000000000014738                DisableGpioDetect
                0x00000000000148e8                ClearGpioInterrupt
 .text          0x000000000001493c      0x470 /home/woods/Documents/Bachelorthesis/ModeLevelTaskModel_EDF/build/Demo/Drivers/uart.o
                0x000000000001493c                PUT32
                0x0000000000014968                GET32
                0x0000000000014990                uart_puts
                0x00000000000149d4                uart_putc
                0x0000000000014a20                uart_getc
                0x0000000000014a64                uart_init
                0x0000000000014ba4                vUartISR
                0x0000000000014c0c                setupUARTInterrupt
 .text          0x0000000000014dac      0x744 /home/woods/Documents/Bachelorthesis/ModeLevelTaskModel_EDF/build/Demo/Drivers/print_473.o
                0x000000000001541c                printf_473
                0x000000000001545c                sprintf_473
                0x00000000000154a4                snprintf_473
 .text          0x00000000000154f0      0x4a4 /home/woods/Documents/Bachelorthesis/ModeLevelTaskModel_EDF/build//FreeRTOS/Source/portable/MemMang/heap_4.o
                0x00000000000154f0                pvPortMalloc
                0x00000000000156bc                vPortFree
                0x0000000000015734                xPortGetFreeHeapSize
                0x0000000000015758                vPortInitialiseBlocks
 .text          0x0000000000015994       0x18 /home/woods/Documents/Bachelorthesis/ModeLevelTaskModel_EDF/build/Demo/startup.o
 .text          0x00000000000159ac      0x7e4 /home/woods/Documents/Bachelorthesis/ModeLevelTaskModel_EDF/build/Demo/main.o
                0x00000000000159ac                task
                0x0000000000015a38                createSet
                0x0000000000016174                main
 .text          0x0000000000016190      0x114 /usr/lib/gcc/arm-none-eabi/4.9.3/libgcc.a(_udivsi3.o)
                0x0000000000016190                __udivsi3
                0x0000000000016190                __aeabi_uidiv
                0x0000000000016284                __aeabi_uidivmod
 .text          0x00000000000162a4        0x4 /usr/lib/gcc/arm-none-eabi/4.9.3/libgcc.a(_dvmd_tls.o)
                0x00000000000162a4                __aeabi_ldiv0
                0x00000000000162a4                __aeabi_idiv0
 .text          0x00000000000162a8      0x41c /usr/lib/gcc/arm-none-eabi/4.9.3/libgcc.a(_arm_addsubdf3.o)
                0x00000000000162a8                __aeabi_drsub
                0x00000000000162b0                __aeabi_dsub
                0x00000000000162b0                __subdf3
                0x00000000000162b4                __adddf3
                0x00000000000162b4                __aeabi_dadd
                0x00000000000165c4                __aeabi_ui2d
                0x00000000000165c4                __floatunsidf
                0x00000000000165e8                __aeabi_i2d
                0x00000000000165e8                __floatsidf
                0x0000000000016610                __extendsfdf2
                0x0000000000016610                __aeabi_f2d
                0x0000000000016650                __aeabi_ul2d
                0x0000000000016650                __floatundidf
                0x0000000000016664                __floatdidf
                0x0000000000016664                __aeabi_l2d
 .text          0x00000000000166c4      0x49c /usr/lib/gcc/arm-none-eabi/4.9.3/libgcc.a(_arm_muldivdf3.o)
                0x00000000000166c4                __aeabi_dmul
                0x00000000000166c4                __muldf3
                0x0000000000016954                __aeabi_ddiv
                0x0000000000016954                __divdf3
 .text          0x0000000000016b60       0x54 /usr/lib/gcc/arm-none-eabi/4.9.3/libgcc.a(_arm_fixunsdfsi.o)
                0x0000000000016b60                __aeabi_d2uiz
                0x0000000000016b60                __fixunsdfsi
 .text          0x0000000000016bb4        0x0 /usr/lib/arm-none-eabi/lib/libc.a(lib_a-memcpy.o)
 .text          0x0000000000016bb4        0x0 /usr/lib/arm-none-eabi/lib/libc.a(lib_a-memset.o)
 .text          0x0000000000016bb4        0x0 /usr/lib/arm-none-eabi/lib/libc.a(lib_a-strncpy.o)

.rodata         0x0000000000016bb4       0x9b
 .rodata        0x0000000000016bb4        0x8 /home/woods/Documents/Bachelorthesis/ModeLevelTaskModel_EDF/build/FreeRTOS/Source/portable/GCC/RaspberryPi/port.o
 .rodata        0x0000000000016bbc       0x29 /home/woods/Documents/Bachelorthesis/ModeLevelTaskModel_EDF/build/FreeRTOS/Source/tasks.o
 *fill*         0x0000000000016be5        0x3 
 .rodata        0x0000000000016be8        0x4 /home/woods/Documents/Bachelorthesis/ModeLevelTaskModel_EDF/build/Demo/Drivers/irq.o
 .rodata        0x0000000000016bec        0x4 /home/woods/Documents/Bachelorthesis/ModeLevelTaskModel_EDF/build/Demo/Drivers/gpio.o
                0x0000000000016bec                pRegs
 .rodata        0x0000000000016bf0        0x7 /home/woods/Documents/Bachelorthesis/ModeLevelTaskModel_EDF/build/Demo/Drivers/print_473.o
 *fill*         0x0000000000016bf7        0x1 
 .rodata        0x0000000000016bf8        0x8 /home/woods/Documents/Bachelorthesis/ModeLevelTaskModel_EDF/build//FreeRTOS/Source/portable/MemMang/heap_4.o
 .rodata        0x0000000000016c00       0x4f /home/woods/Documents/Bachelorthesis/ModeLevelTaskModel_EDF/build/Demo/main.o

.glue_7         0x0000000000016c50        0x0
 .glue_7        0x0000000000016c50        0x0 linker stubs

.glue_7t        0x0000000000016c50        0x0
 .glue_7t       0x0000000000016c50        0x0 linker stubs

.vfp11_veneer   0x0000000000016c50        0x0
 .vfp11_veneer  0x0000000000016c50        0x0 linker stubs

.v4_bx          0x0000000000016c50        0x0
 .v4_bx         0x0000000000016c50        0x0 linker stubs

.iplt           0x0000000000016c50        0x0
 .iplt          0x0000000000016c50        0x0 /home/woods/Documents/Bachelorthesis/ModeLevelTaskModel_EDF/build/FreeRTOS/Source/portable/GCC/RaspberryPi/port.o

.text.memcpy    0x0000000000016c50       0xf0
 .text.memcpy   0x0000000000016c50       0xf0 /usr/lib/arm-none-eabi/lib/libc.a(lib_a-memcpy.o)
                0x0000000000016c50                memcpy

.text.memset    0x0000000000016d40       0xf4
 .text.memset   0x0000000000016d40       0xf4 /usr/lib/arm-none-eabi/lib/libc.a(lib_a-memset.o)
                0x0000000000016d40                memset

.text.strncpy   0x0000000000016e34       0xe4
 .text.strncpy  0x0000000000016e34       0xe4 /usr/lib/arm-none-eabi/lib/libc.a(lib_a-strncpy.o)
                0x0000000000016e34                strncpy

.rel.dyn        0x0000000000016f18        0x0
 .rel.iplt      0x0000000000016f18        0x0 /home/woods/Documents/Bachelorthesis/ModeLevelTaskModel_EDF/build/FreeRTOS/Source/portable/GCC/RaspberryPi/port.o

.data           0x0000000000016f18    0x14538
 *(.data)
 .data          0x0000000000016f18        0x0 /home/woods/Documents/Bachelorthesis/ModeLevelTaskModel_EDF/build/FreeRTOS/Source/portable/GCC/RaspberryPi/port.o
 .data          0x0000000000016f18        0x4 /home/woods/Documents/Bachelorthesis/ModeLevelTaskModel_EDF/build/FreeRTOS/Source/portable/GCC/RaspberryPi/portisr.o
                0x0000000000016f18                ulCriticalNesting
 .data          0x0000000000016f1c        0x0 /home/woods/Documents/Bachelorthesis/ModeLevelTaskModel_EDF/build/FreeRTOS/Source/croutine.o
 .data          0x0000000000016f1c        0x0 /home/woods/Documents/Bachelorthesis/ModeLevelTaskModel_EDF/build/FreeRTOS/Source/list.o
 .data          0x0000000000016f1c        0x0 /home/woods/Documents/Bachelorthesis/ModeLevelTaskModel_EDF/build/FreeRTOS/Source/queue.o
 .data          0x0000000000016f1c        0x8 /home/woods/Documents/Bachelorthesis/ModeLevelTaskModel_EDF/build/FreeRTOS/Source/tasks.o
 .data          0x0000000000016f24        0x0 /home/woods/Documents/Bachelorthesis/ModeLevelTaskModel_EDF/build/Demo/Drivers/irq.o
 .data          0x0000000000016f24        0x0 /home/woods/Documents/Bachelorthesis/ModeLevelTaskModel_EDF/build/Demo/Drivers/gpio.o
 .data          0x0000000000016f24        0x0 /home/woods/Documents/Bachelorthesis/ModeLevelTaskModel_EDF/build/Demo/Drivers/uart.o
 .data          0x0000000000016f24        0x0 /home/woods/Documents/Bachelorthesis/ModeLevelTaskModel_EDF/build/Demo/Drivers/print_473.o
 .data          0x0000000000016f24        0x4 /home/woods/Documents/Bachelorthesis/ModeLevelTaskModel_EDF/build//FreeRTOS/Source/portable/MemMang/heap_4.o
 .data          0x0000000000016f28        0x0 /home/woods/Documents/Bachelorthesis/ModeLevelTaskModel_EDF/build/Demo/startup.o
 .data          0x0000000000016f28    0x14528 /home/woods/Documents/Bachelorthesis/ModeLevelTaskModel_EDF/build/Demo/main.o
                0x0000000000016f28                w_s0_t_0
                0x0000000000016f50                w_s0_t_1
                0x0000000000016f78                w_s0_t_2
                0x0000000000016f7c                w_s0_t_3
                0x0000000000016f80                w_s0_t_4
                0x0000000000016fa8                w_s0_t_5
                0x0000000000016fac                w_s0_t_6
                0x0000000000016fd4                w_s0_t_7
                0x0000000000016fd8                w_s0_t_8
                0x0000000000017000                w_s0_t_9
                0x0000000000017004                w_s1_t_0
                0x0000000000017008                w_s1_t_1
                0x0000000000017030                w_s1_t_2
                0x0000000000017058                w_s1_t_3
                0x000000000001705c                w_s1_t_4
                0x0000000000017060                w_s1_t_5
                0x0000000000017064                w_s1_t_6
                0x0000000000017068                w_s1_t_7
                0x0000000000017090                w_s1_t_8
                0x00000000000170b8                w_s1_t_9
                0x00000000000170e0                w_s2_t_0
                0x0000000000017108                w_s2_t_1
                0x0000000000017130                w_s2_t_2
                0x0000000000017134                w_s2_t_3
                0x0000000000017138                w_s2_t_4
                0x0000000000017160                w_s2_t_5
                0x0000000000017164                w_s2_t_6
                0x000000000001718c                w_s2_t_7
                0x0000000000017190                w_s2_t_8
                0x0000000000017194                w_s2_t_9
                0x00000000000171bc                w_s3_t_0
                0x00000000000171e4                w_s3_t_1
                0x00000000000171e8                w_s3_t_2
                0x00000000000171ec                w_s3_t_3
                0x00000000000171f0                w_s3_t_4
                0x0000000000017218                w_s3_t_5
                0x0000000000017240                w_s3_t_6
                0x0000000000017244                w_s3_t_7
                0x0000000000017248                w_s3_t_8
                0x0000000000017270                w_s3_t_9
                0x0000000000017298                w_s4_t_0
                0x00000000000172c0                w_s4_t_1
                0x00000000000172c4                w_s4_t_2
                0x00000000000172c8                w_s4_t_3
                0x00000000000172cc                w_s4_t_4
                0x00000000000172d0                w_s4_t_5
                0x00000000000172f8                w_s4_t_6
                0x00000000000172fc                w_s4_t_7
                0x0000000000017324                w_s4_t_8
                0x000000000001734c                w_s4_t_9
                0x0000000000017374                w_s5_t_0
                0x0000000000017378                w_s5_t_1
                0x00000000000173a0                w_s5_t_2
                0x00000000000173c8                w_s5_t_3
                0x00000000000173cc                w_s5_t_4
                0x00000000000173f4                w_s5_t_5
                0x00000000000173f8                w_s5_t_6
                0x0000000000017420                w_s5_t_7
                0x0000000000017448                w_s5_t_8
                0x000000000001744c                w_s5_t_9
                0x0000000000017450                w_s6_t_0
                0x0000000000017478                w_s6_t_1
                0x000000000001747c                w_s6_t_2
                0x00000000000174a4                w_s6_t_3
                0x00000000000174cc                w_s6_t_4
                0x00000000000174d0                w_s6_t_5
                0x00000000000174f8                w_s6_t_6
                0x00000000000174fc                w_s6_t_7
                0x0000000000017500                w_s6_t_8
                0x0000000000017528                w_s6_t_9
                0x000000000001752c                w_s7_t_0
                0x0000000000017530                w_s7_t_1
                0x0000000000017558                w_s7_t_2
                0x000000000001755c                w_s7_t_3
                0x0000000000017584                w_s7_t_4
                0x0000000000017588                w_s7_t_5
                0x00000000000175b0                w_s7_t_6
                0x00000000000175b4                w_s7_t_7
                0x00000000000175b8                w_s7_t_8
                0x00000000000175e0                w_s7_t_9
                0x0000000000017608                w_s8_t_0
                0x0000000000017630                w_s8_t_1
                0x0000000000017634                w_s8_t_2
                0x000000000001765c                w_s8_t_3
                0x0000000000017660                w_s8_t_4
                0x0000000000017664                w_s8_t_5
                0x0000000000017668                w_s8_t_6
                0x0000000000017690                w_s8_t_7
                0x00000000000176b8                w_s8_t_8
                0x00000000000176bc                w_s8_t_9
                0x00000000000176e4                w_s9_t_0
                0x000000000001770c                w_s9_t_1
                0x0000000000017734                w_s9_t_2
                0x0000000000017738                w_s9_t_3
                0x000000000001773c                w_s9_t_4
                0x0000000000017764                w_s9_t_5
                0x0000000000017768                w_s9_t_6
                0x000000000001776c                w_s9_t_7
                0x0000000000017794                w_s9_t_8
                0x00000000000177bc                w_s9_t_9
                0x00000000000177c0                w_s10_t_0
                0x00000000000177c4                w_s10_t_1
                0x00000000000177c8                w_s10_t_2
                0x00000000000177f0                w_s10_t_3
                0x0000000000017818                w_s10_t_4
                0x000000000001781c                w_s10_t_5
                0x0000000000017844                w_s10_t_6
                0x000000000001786c                w_s10_t_7
                0x0000000000017870                w_s10_t_8
                0x0000000000017874                w_s10_t_9
                0x000000000001789c                w_s11_t_0
                0x00000000000178a0                w_s11_t_1
                0x00000000000178a4                w_s11_t_2
                0x00000000000178cc                w_s11_t_3
                0x00000000000178f4                w_s11_t_4
                0x00000000000178f8                w_s11_t_5
                0x0000000000017920                w_s11_t_6
                0x0000000000017924                w_s11_t_7
                0x000000000001794c                w_s11_t_8
                0x0000000000017950                w_s11_t_9
                0x0000000000017978                w_s12_t_0
                0x00000000000179a0                w_s12_t_1
                0x00000000000179c8                w_s12_t_2
                0x00000000000179f0                w_s12_t_3
                0x0000000000017a18                w_s12_t_4
                0x0000000000017a1c                w_s12_t_5
                0x0000000000017a20                w_s12_t_6
                0x0000000000017a24                w_s12_t_7
                0x0000000000017a28                w_s12_t_8
                0x0000000000017a50                w_s12_t_9
                0x0000000000017a54                w_s13_t_0
                0x0000000000017a58                w_s13_t_1
                0x0000000000017a80                w_s13_t_2
                0x0000000000017aa8                w_s13_t_3
                0x0000000000017ad0                w_s13_t_4
                0x0000000000017af8                w_s13_t_5
                0x0000000000017afc                w_s13_t_6
                0x0000000000017b00                w_s13_t_7
                0x0000000000017b04                w_s13_t_8
                0x0000000000017b08                w_s13_t_9
                0x0000000000017b30                w_s14_t_0
                0x0000000000017b34                w_s14_t_1
                0x0000000000017b38                w_s14_t_2
                0x0000000000017b60                w_s14_t_3
                0x0000000000017b88                w_s14_t_4
                0x0000000000017bb0                w_s14_t_5
                0x0000000000017bd8                w_s14_t_6
                0x0000000000017bdc                w_s14_t_7
                0x0000000000017be0                w_s14_t_8
                0x0000000000017c08                w_s14_t_9
                0x0000000000017c0c                w_s15_t_0
                0x0000000000017c10                w_s15_t_1
                0x0000000000017c38                w_s15_t_2
                0x0000000000017c60                w_s15_t_3
                0x0000000000017c64                w_s15_t_4
                0x0000000000017c68                w_s15_t_5
                0x0000000000017c6c                w_s15_t_6
                0x0000000000017c94                w_s15_t_7
                0x0000000000017cbc                w_s15_t_8
                0x0000000000017cc0                w_s15_t_9
                0x0000000000017ce8                w_s16_t_0
                0x0000000000017cec                w_s16_t_1
                0x0000000000017d14                w_s16_t_2
                0x0000000000017d3c                w_s16_t_3
                0x0000000000017d40                w_s16_t_4
                0x0000000000017d44                w_s16_t_5
                0x0000000000017d6c                w_s16_t_6
                0x0000000000017d70                w_s16_t_7
                0x0000000000017d74                w_s16_t_8
                0x0000000000017d9c                w_s16_t_9
                0x0000000000017dc4                w_s17_t_0
                0x0000000000017dc8                w_s17_t_1
                0x0000000000017dcc                w_s17_t_2
                0x0000000000017df4                w_s17_t_3
                0x0000000000017df8                w_s17_t_4
                0x0000000000017e20                w_s17_t_5
                0x0000000000017e48                w_s17_t_6
                0x0000000000017e4c                w_s17_t_7
                0x0000000000017e50                w_s17_t_8
                0x0000000000017e78                w_s17_t_9
                0x0000000000017ea0                w_s18_t_0
                0x0000000000017ec8                w_s18_t_1
                0x0000000000017ecc                w_s18_t_2
                0x0000000000017ef4                w_s18_t_3
                0x0000000000017ef8                w_s18_t_4
                0x0000000000017f20                w_s18_t_5
                0x0000000000017f24                w_s18_t_6
                0x0000000000017f4c                w_s18_t_7
                0x0000000000017f74                w_s18_t_8
                0x0000000000017f78                w_s18_t_9
                0x0000000000017f7c                w_s19_t_0
                0x0000000000017f80                w_s19_t_1
                0x0000000000017fa8                w_s19_t_2
                0x0000000000017fac                w_s19_t_3
                0x0000000000017fd4                w_s19_t_4
                0x0000000000017fd8                w_s19_t_5
                0x0000000000017fdc                w_s19_t_6
                0x0000000000018004                w_s19_t_7
                0x000000000001802c                w_s19_t_8
                0x0000000000018030                w_s19_t_9
                0x0000000000018058                w_s20_t_0
                0x000000000001805c                w_s20_t_1
                0x0000000000018084                w_s20_t_2
                0x00000000000180ac                w_s20_t_3
                0x00000000000180b0                w_s20_t_4
                0x00000000000180d8                w_s20_t_5
                0x0000000000018100                w_s20_t_6
                0x0000000000018104                w_s20_t_7
                0x0000000000018108                w_s20_t_8
                0x000000000001810c                w_s20_t_9
                0x0000000000018134                w_s21_t_0
                0x000000000001815c                w_s21_t_1
                0x0000000000018184                w_s21_t_2
                0x0000000000018188                w_s21_t_3
                0x00000000000181b0                w_s21_t_4
                0x00000000000181b4                w_s21_t_5
                0x00000000000181b8                w_s21_t_6
                0x00000000000181e0                w_s21_t_7
                0x00000000000181e4                w_s21_t_8
                0x000000000001820c                w_s21_t_9
                0x0000000000018210                w_s22_t_0
                0x0000000000018238                w_s22_t_1
                0x000000000001823c                w_s22_t_2
                0x0000000000018240                w_s22_t_3
                0x0000000000018268                w_s22_t_4
                0x0000000000018290                w_s22_t_5
                0x0000000000018294                w_s22_t_6
                0x00000000000182bc                w_s22_t_7
                0x00000000000182c0                w_s22_t_8
                0x00000000000182c4                w_s22_t_9
                0x00000000000182ec                w_s23_t_0
                0x00000000000182f0                w_s23_t_1
                0x0000000000018318                w_s23_t_2
                0x0000000000018340                w_s23_t_3
                0x0000000000018368                w_s23_t_4
                0x000000000001836c                w_s23_t_5
                0x0000000000018370                w_s23_t_6
                0x0000000000018374                w_s23_t_7
                0x000000000001839c                w_s23_t_8
                0x00000000000183a0                w_s23_t_9
                0x00000000000183c8                w_s24_t_0
                0x00000000000183f0                w_s24_t_1
                0x00000000000183f4                w_s24_t_2
                0x000000000001841c                w_s24_t_3
                0x0000000000018444                w_s24_t_4
                0x0000000000018448                w_s24_t_5
                0x000000000001844c                w_s24_t_6
                0x0000000000018450                w_s24_t_7
                0x0000000000018478                w_s24_t_8
                0x000000000001847c                w_s24_t_9
                0x00000000000184a4                w_s25_t_0
                0x00000000000184a8                w_s25_t_1
                0x00000000000184d0                w_s25_t_2
                0x00000000000184f8                w_s25_t_3
                0x00000000000184fc                w_s25_t_4
                0x0000000000018500                w_s25_t_5
                0x0000000000018528                w_s25_t_6
                0x000000000001852c                w_s25_t_7
                0x0000000000018554                w_s25_t_8
                0x000000000001857c                w_s25_t_9
                0x0000000000018580                w_s26_t_0
                0x0000000000018584                w_s26_t_1
                0x00000000000185ac                w_s26_t_2
                0x00000000000185d4                w_s26_t_3
                0x00000000000185fc                w_s26_t_4
                0x0000000000018600                w_s26_t_5
                0x0000000000018604                w_s26_t_6
                0x0000000000018608                w_s26_t_7
                0x0000000000018630                w_s26_t_8
                0x0000000000018634                w_s26_t_9
                0x000000000001865c                w_s27_t_0
                0x0000000000018660                w_s27_t_1
                0x0000000000018664                w_s27_t_2
                0x000000000001868c                w_s27_t_3
                0x00000000000186b4                w_s27_t_4
                0x00000000000186dc                w_s27_t_5
                0x00000000000186e0                w_s27_t_6
                0x0000000000018708                w_s27_t_7
                0x000000000001870c                w_s27_t_8
                0x0000000000018710                w_s27_t_9
                0x0000000000018738                w_s28_t_0
                0x000000000001873c                w_s28_t_1
                0x0000000000018764                w_s28_t_2
                0x000000000001878c                w_s28_t_3
                0x00000000000187b4                w_s28_t_4
                0x00000000000187b8                w_s28_t_5
                0x00000000000187bc                w_s28_t_6
                0x00000000000187c0                w_s28_t_7
                0x00000000000187e8                w_s28_t_8
                0x0000000000018810                w_s28_t_9
                0x0000000000018814                w_s29_t_0
                0x0000000000018818                w_s29_t_1
                0x0000000000018840                w_s29_t_2
                0x0000000000018844                w_s29_t_3
                0x000000000001886c                w_s29_t_4
                0x0000000000018870                w_s29_t_5
                0x0000000000018898                w_s29_t_6
                0x00000000000188c0                w_s29_t_7
                0x00000000000188c4                w_s29_t_8
                0x00000000000188ec                w_s29_t_9
                0x00000000000188f0                w_s30_t_0
                0x00000000000188f4                w_s30_t_1
                0x00000000000188f8                w_s30_t_2
                0x0000000000018920                w_s30_t_3
                0x0000000000018948                w_s30_t_4
                0x000000000001894c                w_s30_t_5
                0x0000000000018950                w_s30_t_6
                0x0000000000018954                w_s30_t_7
                0x000000000001897c                w_s30_t_8
                0x00000000000189a4                w_s30_t_9
                0x00000000000189cc                w_s31_t_0
                0x00000000000189d0                w_s31_t_1
                0x00000000000189f8                w_s31_t_2
                0x00000000000189fc                w_s31_t_3
                0x0000000000018a00                w_s31_t_4
                0x0000000000018a28                w_s31_t_5
                0x0000000000018a50                w_s31_t_6
                0x0000000000018a78                w_s31_t_7
                0x0000000000018a7c                w_s31_t_8
                0x0000000000018a80                w_s31_t_9
                0x0000000000018aa8                w_s32_t_0
                0x0000000000018aac                w_s32_t_1
                0x0000000000018ad4                w_s32_t_2
                0x0000000000018ad8                w_s32_t_3
                0x0000000000018b00                w_s32_t_4
                0x0000000000018b28                w_s32_t_5
                0x0000000000018b2c                w_s32_t_6
                0x0000000000018b54                w_s32_t_7
                0x0000000000018b58                w_s32_t_8
                0x0000000000018b80                w_s32_t_9
                0x0000000000018b84                w_s33_t_0
                0x0000000000018bac                w_s33_t_1
                0x0000000000018bd4                w_s33_t_2
                0x0000000000018bfc                w_s33_t_3
                0x0000000000018c00                w_s33_t_4
                0x0000000000018c04                w_s33_t_5
                0x0000000000018c08                w_s33_t_6
                0x0000000000018c0c                w_s33_t_7
                0x0000000000018c10                w_s33_t_8
                0x0000000000018c38                w_s33_t_9
                0x0000000000018c60                w_s34_t_0
                0x0000000000018c88                w_s34_t_1
                0x0000000000018c8c                w_s34_t_2
                0x0000000000018cb4                w_s34_t_3
                0x0000000000018cb8                w_s34_t_4
                0x0000000000018ce0                w_s34_t_5
                0x0000000000018ce4                w_s34_t_6
                0x0000000000018ce8                w_s34_t_7
                0x0000000000018cec                w_s34_t_8
                0x0000000000018d14                w_s34_t_9
                0x0000000000018d3c                w_s35_t_0
                0x0000000000018d64                w_s35_t_1
                0x0000000000018d8c                w_s35_t_2
                0x0000000000018db4                w_s35_t_3
                0x0000000000018db8                w_s35_t_4
                0x0000000000018dbc                w_s35_t_5
                0x0000000000018dc0                w_s35_t_6
                0x0000000000018de8                w_s35_t_7
                0x0000000000018e10                w_s35_t_8
                0x0000000000018e14                w_s35_t_9
                0x0000000000018e18                w_s36_t_0
                0x0000000000018e40                w_s36_t_1
                0x0000000000018e44                w_s36_t_2
                0x0000000000018e6c                w_s36_t_3
                0x0000000000018e94                w_s36_t_4
                0x0000000000018ebc                w_s36_t_5
                0x0000000000018ec0                w_s36_t_6
                0x0000000000018ee8                w_s36_t_7
                0x0000000000018eec                w_s36_t_8
                0x0000000000018ef0                w_s36_t_9
                0x0000000000018ef4                w_s37_t_0
                0x0000000000018ef8                w_s37_t_1
                0x0000000000018efc                w_s37_t_2
                0x0000000000018f24                w_s37_t_3
                0x0000000000018f28                w_s37_t_4
                0x0000000000018f50                w_s37_t_5
                0x0000000000018f78                w_s37_t_6
                0x0000000000018fa0                w_s37_t_7
                0x0000000000018fc8                w_s37_t_8
                0x0000000000018fcc                w_s37_t_9
                0x0000000000018fd0                w_s38_t_0
                0x0000000000018ff8                w_s38_t_1
                0x0000000000018ffc                w_s38_t_2
                0x0000000000019000                w_s38_t_3
                0x0000000000019028                w_s38_t_4
                0x0000000000019050                w_s38_t_5
                0x0000000000019054                w_s38_t_6
                0x000000000001907c                w_s38_t_7
                0x00000000000190a4                w_s38_t_8
                0x00000000000190a8                w_s38_t_9
                0x00000000000190ac                w_s39_t_0
                0x00000000000190d4                w_s39_t_1
                0x00000000000190fc                w_s39_t_2
                0x0000000000019100                w_s39_t_3
                0x0000000000019104                w_s39_t_4
                0x0000000000019108                w_s39_t_5
                0x0000000000019130                w_s39_t_6
                0x0000000000019134                w_s39_t_7
                0x000000000001915c                w_s39_t_8
                0x0000000000019160                w_s39_t_9
                0x0000000000019188                w_s40_t_0
                0x000000000001918c                w_s40_t_1
                0x00000000000191b4                w_s40_t_2
                0x00000000000191dc                w_s40_t_3
                0x00000000000191e0                w_s40_t_4
                0x00000000000191e4                w_s40_t_5
                0x00000000000191e8                w_s40_t_6
                0x0000000000019210                w_s40_t_7
                0x0000000000019214                w_s40_t_8
                0x000000000001923c                w_s40_t_9
                0x0000000000019264                w_s41_t_0
                0x0000000000019268                w_s41_t_1
                0x000000000001926c                w_s41_t_2
                0x0000000000019270                w_s41_t_3
                0x0000000000019298                w_s41_t_4
                0x00000000000192c0                w_s41_t_5
                0x00000000000192e8                w_s41_t_6
                0x0000000000019310                w_s41_t_7
                0x0000000000019314                w_s41_t_8
                0x000000000001933c                w_s41_t_9
                0x0000000000019340                w_s42_t_0
                0x0000000000019344                w_s42_t_1
                0x000000000001936c                w_s42_t_2
                0x0000000000019370                w_s42_t_3
                0x0000000000019398                w_s42_t_4
                0x00000000000193c0                w_s42_t_5
                0x00000000000193c4                w_s42_t_6
                0x00000000000193ec                w_s42_t_7
                0x00000000000193f0                w_s42_t_8
                0x00000000000193f4                w_s42_t_9
                0x000000000001941c                w_s43_t_0
                0x0000000000019420                w_s43_t_1
                0x0000000000019448                w_s43_t_2
                0x000000000001944c                w_s43_t_3
                0x0000000000019450                w_s43_t_4
                0x0000000000019478                w_s43_t_5
                0x00000000000194a0                w_s43_t_6
                0x00000000000194c8                w_s43_t_7
                0x00000000000194f0                w_s43_t_8
                0x00000000000194f4                w_s43_t_9
                0x00000000000194f8                w_s44_t_0
                0x0000000000019520                w_s44_t_1
                0x0000000000019524                w_s44_t_2
                0x000000000001954c                w_s44_t_3
                0x0000000000019550                w_s44_t_4
                0x0000000000019554                w_s44_t_5
                0x000000000001957c                w_s44_t_6
                0x00000000000195a4                w_s44_t_7
                0x00000000000195a8                w_s44_t_8
                0x00000000000195d0                w_s44_t_9
                0x00000000000195d4                w_s45_t_0
                0x00000000000195d8                w_s45_t_1
                0x00000000000195dc                w_s45_t_2
                0x0000000000019604                w_s45_t_3
                0x0000000000019608                w_s45_t_4
                0x000000000001960c                w_s45_t_5
                0x0000000000019634                w_s45_t_6
                0x000000000001965c                w_s45_t_7
                0x0000000000019684                w_s45_t_8
                0x00000000000196ac                w_s45_t_9
                0x00000000000196b0                w_s46_t_0
                0x00000000000196b4                w_s46_t_1
                0x00000000000196dc                w_s46_t_2
                0x00000000000196e0                w_s46_t_3
                0x0000000000019708                w_s46_t_4
                0x0000000000019730                w_s46_t_5
                0x0000000000019758                w_s46_t_6
                0x000000000001975c                w_s46_t_7
                0x0000000000019784                w_s46_t_8
                0x0000000000019788                w_s46_t_9
                0x000000000001978c                w_s47_t_0
                0x00000000000197b4                w_s47_t_1
                0x00000000000197b8                w_s47_t_2
                0x00000000000197e0                w_s47_t_3
                0x0000000000019808                w_s47_t_4
                0x000000000001980c                w_s47_t_5
                0x0000000000019834                w_s47_t_6
                0x0000000000019838                w_s47_t_7
                0x0000000000019860                w_s47_t_8
                0x0000000000019864                w_s47_t_9
                0x0000000000019868                w_s48_t_0
                0x000000000001986c                w_s48_t_1
                0x0000000000019870                w_s48_t_2
                0x0000000000019874                w_s48_t_3
                0x000000000001989c                w_s48_t_4
                0x00000000000198c4                w_s48_t_5
                0x00000000000198ec                w_s48_t_6
                0x00000000000198f0                w_s48_t_7
                0x0000000000019918                w_s48_t_8
                0x000000000001991c                w_s48_t_9
                0x0000000000019944                w_s49_t_0
                0x000000000001996c                w_s49_t_1
                0x0000000000019994                w_s49_t_2
                0x0000000000019998                w_s49_t_3
                0x000000000001999c                w_s49_t_4
                0x00000000000199a0                w_s49_t_5
                0x00000000000199c8                w_s49_t_6
                0x00000000000199f0                w_s49_t_7
                0x0000000000019a18                w_s49_t_8
                0x0000000000019a1c                w_s49_t_9
                0x0000000000019a20                w_s50_t_0
                0x0000000000019a24                w_s50_t_1
                0x0000000000019a4c                w_s50_t_2
                0x0000000000019a74                w_s50_t_3
                0x0000000000019a78                w_s50_t_4
                0x0000000000019a7c                w_s50_t_5
                0x0000000000019a80                w_s50_t_6
                0x0000000000019aa8                w_s50_t_7
                0x0000000000019aac                w_s50_t_8
                0x0000000000019ad4                w_s50_t_9
                0x0000000000019afc                w_s51_t_0
                0x0000000000019b24                w_s51_t_1
                0x0000000000019b28                w_s51_t_2
                0x0000000000019b2c                w_s51_t_3
                0x0000000000019b30                w_s51_t_4
                0x0000000000019b58                w_s51_t_5
                0x0000000000019b80                w_s51_t_6
                0x0000000000019ba8                w_s51_t_7
                0x0000000000019bac                w_s51_t_8
                0x0000000000019bd4                w_s51_t_9
                0x0000000000019bd8                w_s52_t_0
                0x0000000000019bdc                w_s52_t_1
                0x0000000000019be0                w_s52_t_2
                0x0000000000019be4                w_s52_t_3
                0x0000000000019be8                w_s52_t_4
                0x0000000000019c10                w_s52_t_5
                0x0000000000019c14                w_s52_t_6
                0x0000000000019c3c                w_s52_t_7
                0x0000000000019c64                w_s52_t_8
                0x0000000000019c8c                w_s52_t_9
                0x0000000000019cb4                w_s53_t_0
                0x0000000000019cb8                w_s53_t_1
                0x0000000000019cbc                w_s53_t_2
                0x0000000000019ce4                w_s53_t_3
                0x0000000000019d0c                w_s53_t_4
                0x0000000000019d34                w_s53_t_5
                0x0000000000019d38                w_s53_t_6
                0x0000000000019d60                w_s53_t_7
                0x0000000000019d88                w_s53_t_8
                0x0000000000019d8c                w_s53_t_9
                0x0000000000019d90                w_s54_t_0
                0x0000000000019d94                w_s54_t_1
                0x0000000000019d98                w_s54_t_2
                0x0000000000019dc0                w_s54_t_3
                0x0000000000019dc4                w_s54_t_4
                0x0000000000019dec                w_s54_t_5
                0x0000000000019e14                w_s54_t_6
                0x0000000000019e18                w_s54_t_7
                0x0000000000019e40                w_s54_t_8
                0x0000000000019e68                w_s54_t_9
                0x0000000000019e6c                w_s55_t_0
                0x0000000000019e70                w_s55_t_1
                0x0000000000019e74                w_s55_t_2
                0x0000000000019e9c                w_s55_t_3
                0x0000000000019ec4                w_s55_t_4
                0x0000000000019eec                w_s55_t_5
                0x0000000000019f14                w_s55_t_6
                0x0000000000019f18                w_s55_t_7
                0x0000000000019f40                w_s55_t_8
                0x0000000000019f44                w_s55_t_9
                0x0000000000019f48                w_s56_t_0
                0x0000000000019f70                w_s56_t_1
                0x0000000000019f74                w_s56_t_2
                0x0000000000019f78                w_s56_t_3
                0x0000000000019fa0                w_s56_t_4
                0x0000000000019fc8                w_s56_t_5
                0x0000000000019fcc                w_s56_t_6
                0x0000000000019ff4                w_s56_t_7
                0x000000000001a01c                w_s56_t_8
                0x000000000001a020                w_s56_t_9
                0x000000000001a024                w_s57_t_0
                0x000000000001a028                w_s57_t_1
                0x000000000001a02c                w_s57_t_2
                0x000000000001a030                w_s57_t_3
                0x000000000001a058                w_s57_t_4
                0x000000000001a080                w_s57_t_5
                0x000000000001a0a8                w_s57_t_6
                0x000000000001a0ac                w_s57_t_7
                0x000000000001a0d4                w_s57_t_8
                0x000000000001a0fc                w_s57_t_9
                0x000000000001a100                w_s58_t_0
                0x000000000001a128                w_s58_t_1
                0x000000000001a12c                w_s58_t_2
                0x000000000001a130                w_s58_t_3
                0x000000000001a158                w_s58_t_4
                0x000000000001a180                w_s58_t_5
                0x000000000001a1a8                w_s58_t_6
                0x000000000001a1ac                w_s58_t_7
                0x000000000001a1b0                w_s58_t_8
                0x000000000001a1d8                w_s58_t_9
                0x000000000001a1dc                w_s59_t_0
                0x000000000001a1e0                w_s59_t_1
                0x000000000001a1e4                w_s59_t_2
                0x000000000001a20c                w_s59_t_3
                0x000000000001a210                w_s59_t_4
                0x000000000001a238                w_s59_t_5
                0x000000000001a260                w_s59_t_6
                0x000000000001a288                w_s59_t_7
                0x000000000001a28c                w_s59_t_8
                0x000000000001a290                w_s59_t_9
                0x000000000001a2b8                w_s60_t_0
                0x000000000001a2e0                w_s60_t_1
                0x000000000001a308                w_s60_t_2
                0x000000000001a30c                w_s60_t_3
                0x000000000001a310                w_s60_t_4
                0x000000000001a314                w_s60_t_5
                0x000000000001a318                w_s60_t_6
                0x000000000001a31c                w_s60_t_7
                0x000000000001a344                w_s60_t_8
                0x000000000001a36c                w_s60_t_9
                0x000000000001a394                w_s61_t_0
                0x000000000001a398                w_s61_t_1
                0x000000000001a3c0                w_s61_t_2
                0x000000000001a3e8                w_s61_t_3
                0x000000000001a3ec                w_s61_t_4
                0x000000000001a414                w_s61_t_5
                0x000000000001a43c                w_s61_t_6
                0x000000000001a464                w_s61_t_7
                0x000000000001a468                w_s61_t_8
                0x000000000001a46c                w_s61_t_9
                0x000000000001a470                w_s62_t_0
                0x000000000001a474                w_s62_t_1
                0x000000000001a49c                w_s62_t_2
                0x000000000001a4c4                w_s62_t_3
                0x000000000001a4ec                w_s62_t_4
                0x000000000001a514                w_s62_t_5
                0x000000000001a518                w_s62_t_6
                0x000000000001a51c                w_s62_t_7
                0x000000000001a520                w_s62_t_8
                0x000000000001a524                w_s62_t_9
                0x000000000001a54c                w_s63_t_0
                0x000000000001a550                w_s63_t_1
                0x000000000001a554                w_s63_t_2
                0x000000000001a57c                w_s63_t_3
                0x000000000001a580                w_s63_t_4
                0x000000000001a584                w_s63_t_5
                0x000000000001a5ac                w_s63_t_6
                0x000000000001a5d4                w_s63_t_7
                0x000000000001a5fc                w_s63_t_8
                0x000000000001a624                w_s63_t_9
                0x000000000001a628                w_s64_t_0
                0x000000000001a62c                w_s64_t_1
                0x000000000001a630                w_s64_t_2
                0x000000000001a658                w_s64_t_3
                0x000000000001a65c                w_s64_t_4
                0x000000000001a684                w_s64_t_5
                0x000000000001a6ac                w_s64_t_6
                0x000000000001a6b0                w_s64_t_7
                0x000000000001a6d8                w_s64_t_8
                0x000000000001a700                w_s64_t_9
                0x000000000001a704                w_s65_t_0
                0x000000000001a72c                w_s65_t_1
                0x000000000001a730                w_s65_t_2
                0x000000000001a734                w_s65_t_3
                0x000000000001a75c                w_s65_t_4
                0x000000000001a784                w_s65_t_5
                0x000000000001a788                w_s65_t_6
                0x000000000001a7b0                w_s65_t_7
                0x000000000001a7b4                w_s65_t_8
                0x000000000001a7dc                w_s65_t_9
                0x000000000001a7e0                w_s66_t_0
                0x000000000001a7e4                w_s66_t_1
                0x000000000001a80c                w_s66_t_2
                0x000000000001a834                w_s66_t_3
                0x000000000001a838                w_s66_t_4
                0x000000000001a860                w_s66_t_5
                0x000000000001a864                w_s66_t_6
                0x000000000001a868                w_s66_t_7
                0x000000000001a890                w_s66_t_8
                0x000000000001a894                w_s66_t_9
                0x000000000001a8bc                w_s67_t_0
                0x000000000001a8c0                w_s67_t_1
                0x000000000001a8e8                w_s67_t_2
                0x000000000001a910                w_s67_t_3
                0x000000000001a938                w_s67_t_4
                0x000000000001a93c                w_s67_t_5
                0x000000000001a964                w_s67_t_6
                0x000000000001a968                w_s67_t_7
                0x000000000001a96c                w_s67_t_8
                0x000000000001a994                w_s67_t_9
                0x000000000001a998                w_s68_t_0
                0x000000000001a9c0                w_s68_t_1
                0x000000000001a9c4                w_s68_t_2
                0x000000000001a9c8                w_s68_t_3
                0x000000000001a9f0                w_s68_t_4
                0x000000000001aa18                w_s68_t_5
                0x000000000001aa40                w_s68_t_6
                0x000000000001aa44                w_s68_t_7
                0x000000000001aa6c                w_s68_t_8
                0x000000000001aa70                w_s68_t_9
                0x000000000001aa74                w_s69_t_0
                0x000000000001aa78                w_s69_t_1
                0x000000000001aa7c                w_s69_t_2
                0x000000000001aa80                w_s69_t_3
                0x000000000001aa84                w_s69_t_4
                0x000000000001aaac                w_s69_t_5
                0x000000000001aad4                w_s69_t_6
                0x000000000001aafc                w_s69_t_7
                0x000000000001ab24                w_s69_t_8
                0x000000000001ab4c                w_s69_t_9
                0x000000000001ab50                w_s70_t_0
                0x000000000001ab78                w_s70_t_1
                0x000000000001aba0                w_s70_t_2
                0x000000000001abc8                w_s70_t_3
                0x000000000001abf0                w_s70_t_4
                0x000000000001abf4                w_s70_t_5
                0x000000000001abf8                w_s70_t_6
                0x000000000001ac20                w_s70_t_7
                0x000000000001ac24                w_s70_t_8
                0x000000000001ac28                w_s70_t_9
                0x000000000001ac2c                w_s71_t_0
                0x000000000001ac30                w_s71_t_1
                0x000000000001ac58                w_s71_t_2
                0x000000000001ac80                w_s71_t_3
                0x000000000001ac84                w_s71_t_4
                0x000000000001acac                w_s71_t_5
                0x000000000001acb0                w_s71_t_6
                0x000000000001acb4                w_s71_t_7
                0x000000000001acdc                w_s71_t_8
                0x000000000001ace0                w_s71_t_9
                0x000000000001ad08                w_s72_t_0
                0x000000000001ad0c                w_s72_t_1
                0x000000000001ad10                w_s72_t_2
                0x000000000001ad38                w_s72_t_3
                0x000000000001ad60                w_s72_t_4
                0x000000000001ad88                w_s72_t_5
                0x000000000001adb0                w_s72_t_6
                0x000000000001adb4                w_s72_t_7
                0x000000000001adb8                w_s72_t_8
                0x000000000001adbc                w_s72_t_9
                0x000000000001ade4                w_s73_t_0
                0x000000000001ade8                w_s73_t_1
                0x000000000001ae10                w_s73_t_2
                0x000000000001ae14                w_s73_t_3
                0x000000000001ae3c                w_s73_t_4
                0x000000000001ae40                w_s73_t_5
                0x000000000001ae68                w_s73_t_6
                0x000000000001ae6c                w_s73_t_7
                0x000000000001ae94                w_s73_t_8
                0x000000000001aebc                w_s73_t_9
                0x000000000001aec0                w_s74_t_0
                0x000000000001aee8                w_s74_t_1
                0x000000000001aeec                w_s74_t_2
                0x000000000001aef0                w_s74_t_3
                0x000000000001af18                w_s74_t_4
                0x000000000001af40                w_s74_t_5
                0x000000000001af68                w_s74_t_6
                0x000000000001af6c                w_s74_t_7
                0x000000000001af94                w_s74_t_8
                0x000000000001af98                w_s74_t_9
                0x000000000001af9c                w_s75_t_0
                0x000000000001afc4                w_s75_t_1
                0x000000000001afec                w_s75_t_2
                0x000000000001b014                w_s75_t_3
                0x000000000001b018                w_s75_t_4
                0x000000000001b01c                w_s75_t_5
                0x000000000001b020                w_s75_t_6
                0x000000000001b048                w_s75_t_7
                0x000000000001b04c                w_s75_t_8
                0x000000000001b074                w_s75_t_9
                0x000000000001b078                w_s76_t_0
                0x000000000001b0a0                w_s76_t_1
                0x000000000001b0a4                w_s76_t_2
                0x000000000001b0a8                w_s76_t_3
                0x000000000001b0d0                w_s76_t_4
                0x000000000001b0d4                w_s76_t_5
                0x000000000001b0fc                w_s76_t_6
                0x000000000001b124                w_s76_t_7
                0x000000000001b128                w_s76_t_8
                0x000000000001b12c                w_s76_t_9
                0x000000000001b154                w_s77_t_0
                0x000000000001b17c                w_s77_t_1
                0x000000000001b1a4                w_s77_t_2
                0x000000000001b1cc                w_s77_t_3
                0x000000000001b1d0                w_s77_t_4
                0x000000000001b1d4                w_s77_t_5
                0x000000000001b1d8                w_s77_t_6
                0x000000000001b1dc                w_s77_t_7
                0x000000000001b204                w_s77_t_8
                0x000000000001b208                w_s77_t_9
                0x000000000001b230                w_s78_t_0
                0x000000000001b234                w_s78_t_1
                0x000000000001b238                w_s78_t_2
                0x000000000001b23c                w_s78_t_3
                0x000000000001b264                w_s78_t_4
                0x000000000001b268                w_s78_t_5
                0x000000000001b290                w_s78_t_6
                0x000000000001b2b8                w_s78_t_7
                0x000000000001b2e0                w_s78_t_8
                0x000000000001b2e4                w_s78_t_9
                0x000000000001b30c                w_s79_t_0
                0x000000000001b310                w_s79_t_1
                0x000000000001b338                w_s79_t_2
                0x000000000001b360                w_s79_t_3
                0x000000000001b364                w_s79_t_4
                0x000000000001b38c                w_s79_t_5
                0x000000000001b390                w_s79_t_6
                0x000000000001b394                w_s79_t_7
                0x000000000001b398                w_s79_t_8
                0x000000000001b3c0                w_s79_t_9
                0x000000000001b3e8                w_s80_t_0
                0x000000000001b3ec                w_s80_t_1
                0x000000000001b3f0                w_s80_t_2
                0x000000000001b418                w_s80_t_3
                0x000000000001b41c                w_s80_t_4
                0x000000000001b444                w_s80_t_5
                0x000000000001b46c                w_s80_t_6
                0x000000000001b470                w_s80_t_7
                0x000000000001b498                w_s80_t_8
                0x000000000001b4c0                w_s80_t_9
                0x000000000001b4c4                w_s81_t_0
                0x000000000001b4c8                w_s81_t_1
                0x000000000001b4f0                w_s81_t_2
                0x000000000001b518                w_s81_t_3
                0x000000000001b51c                w_s81_t_4
                0x000000000001b520                w_s81_t_5
                0x000000000001b524                w_s81_t_6
                0x000000000001b528                w_s81_t_7
                0x000000000001b550                w_s81_t_8
                0x000000000001b578                w_s81_t_9
                0x000000000001b5a0                w_s82_t_0
                0x000000000001b5c8                w_s82_t_1
                0x000000000001b5cc                w_s82_t_2
                0x000000000001b5f4                w_s82_t_3
                0x000000000001b61c                w_s82_t_4
                0x000000000001b620                w_s82_t_5
                0x000000000001b624                w_s82_t_6
                0x000000000001b64c                w_s82_t_7
                0x000000000001b650                w_s82_t_8
                0x000000000001b678                w_s82_t_9
                0x000000000001b67c                w_s83_t_0
                0x000000000001b6a4                w_s83_t_1
                0x000000000001b6a8                w_s83_t_2
                0x000000000001b6ac                w_s83_t_3
                0x000000000001b6d4                w_s83_t_4
                0x000000000001b6d8                w_s83_t_5
                0x000000000001b6dc                w_s83_t_6
                0x000000000001b704                w_s83_t_7
                0x000000000001b72c                w_s83_t_8
                0x000000000001b754                w_s83_t_9
                0x000000000001b758                w_s84_t_0
                0x000000000001b780                w_s84_t_1
                0x000000000001b7a8                w_s84_t_2
                0x000000000001b7d0                w_s84_t_3
                0x000000000001b7f8                w_s84_t_4
                0x000000000001b7fc                w_s84_t_5
                0x000000000001b800                w_s84_t_6
                0x000000000001b804                w_s84_t_7
                0x000000000001b82c                w_s84_t_8
                0x000000000001b830                w_s84_t_9
                0x000000000001b834                w_s85_t_0
                0x000000000001b85c                w_s85_t_1
                0x000000000001b860                w_s85_t_2
                0x000000000001b864                w_s85_t_3
                0x000000000001b88c                w_s85_t_4
                0x000000000001b8b4                w_s85_t_5
                0x000000000001b8b8                w_s85_t_6
                0x000000000001b8e0                w_s85_t_7
                0x000000000001b8e4                w_s85_t_8
                0x000000000001b8e8                w_s85_t_9
                0x000000000001b910                w_s86_t_0
                0x000000000001b914                w_s86_t_1
                0x000000000001b93c                w_s86_t_2
                0x000000000001b964                w_s86_t_3
                0x000000000001b98c                w_s86_t_4
                0x000000000001b990                w_s86_t_5
                0x000000000001b9b8                w_s86_t_6
                0x000000000001b9bc                w_s86_t_7
                0x000000000001b9c0                w_s86_t_8
                0x000000000001b9e8                w_s86_t_9
                0x000000000001b9ec                w_s87_t_0
                0x000000000001ba14                w_s87_t_1
                0x000000000001ba3c                w_s87_t_2
                0x000000000001ba40                w_s87_t_3
                0x000000000001ba68                w_s87_t_4
                0x000000000001ba6c                w_s87_t_5
                0x000000000001ba94                w_s87_t_6
                0x000000000001ba98                w_s87_t_7
                0x000000000001ba9c                w_s87_t_8
                0x000000000001baa0                w_s87_t_9
                0x000000000001bac8                w_s88_t_0
                0x000000000001baf0                w_s88_t_1
                0x000000000001bb18                w_s88_t_2
                0x000000000001bb40                w_s88_t_3
                0x000000000001bb68                w_s88_t_4
                0x000000000001bb6c                w_s88_t_5
                0x000000000001bb70                w_s88_t_6
                0x000000000001bb74                w_s88_t_7
                0x000000000001bb78                w_s88_t_8
                0x000000000001bb7c                w_s88_t_9
                0x000000000001bba4                w_s89_t_0
                0x000000000001bba8                w_s89_t_1
                0x000000000001bbac                w_s89_t_2
                0x000000000001bbd4                w_s89_t_3
                0x000000000001bbfc                w_s89_t_4
                0x000000000001bc24                w_s89_t_5
                0x000000000001bc28                w_s89_t_6
                0x000000000001bc50                w_s89_t_7
                0x000000000001bc54                w_s89_t_8
                0x000000000001bc58                w_s89_t_9
                0x000000000001bc80                w_s90_t_0
                0x000000000001bca8                w_s90_t_1
                0x000000000001bcd0                w_s90_t_2
                0x000000000001bcf8                w_s90_t_3
                0x000000000001bcfc                w_s90_t_4
                0x000000000001bd24                w_s90_t_5
                0x000000000001bd4c                w_s90_t_6
                0x000000000001bd50                w_s90_t_7
                0x000000000001bd54                w_s90_t_8
                0x000000000001bd58                w_s90_t_9
                0x000000000001bd5c                w_s91_t_0
                0x000000000001bd60                w_s91_t_1
                0x000000000001bd64                w_s91_t_2
                0x000000000001bd8c                w_s91_t_3
                0x000000000001bdb4                w_s91_t_4
                0x000000000001bddc                w_s91_t_5
                0x000000000001be04                w_s91_t_6
                0x000000000001be08                w_s91_t_7
                0x000000000001be0c                w_s91_t_8
                0x000000000001be34                w_s91_t_9
                0x000000000001be38                w_s92_t_0
                0x000000000001be3c                w_s92_t_1
                0x000000000001be40                w_s92_t_2
                0x000000000001be68                w_s92_t_3
                0x000000000001be90                w_s92_t_4
                0x000000000001beb8                w_s92_t_5
                0x000000000001bebc                w_s92_t_6
                0x000000000001bee4                w_s92_t_7
                0x000000000001bee8                w_s92_t_8
                0x000000000001beec                w_s92_t_9
                0x000000000001bf14                w_s93_t_0
                0x000000000001bf18                w_s93_t_1
                0x000000000001bf40                w_s93_t_2
                0x000000000001bf44                w_s93_t_3
                0x000000000001bf48                w_s93_t_4
                0x000000000001bf4c                w_s93_t_5
                0x000000000001bf74                w_s93_t_6
                0x000000000001bf78                w_s93_t_7
                0x000000000001bfa0                w_s93_t_8
                0x000000000001bfc8                w_s93_t_9
                0x000000000001bff0                w_s94_t_0
                0x000000000001bff4                w_s94_t_1
                0x000000000001bff8                w_s94_t_2
                0x000000000001bffc                w_s94_t_3
                0x000000000001c000                w_s94_t_4
                0x000000000001c028                w_s94_t_5
                0x000000000001c050                w_s94_t_6
                0x000000000001c054                w_s94_t_7
                0x000000000001c07c                w_s94_t_8
                0x000000000001c0a4                w_s94_t_9
                0x000000000001c0cc                w_s95_t_0
                0x000000000001c0d0                w_s95_t_1
                0x000000000001c0d4                w_s95_t_2
                0x000000000001c0fc                w_s95_t_3
                0x000000000001c124                w_s95_t_4
                0x000000000001c14c                w_s95_t_5
                0x000000000001c174                w_s95_t_6
                0x000000000001c178                w_s95_t_7
                0x000000000001c17c                w_s95_t_8
                0x000000000001c1a4                w_s95_t_9
                0x000000000001c1a8                w_s96_t_0
                0x000000000001c1ac                w_s96_t_1
                0x000000000001c1d4                w_s96_t_2
                0x000000000001c1d8                w_s96_t_3
                0x000000000001c1dc                w_s96_t_4
                0x000000000001c204                w_s96_t_5
                0x000000000001c208                w_s96_t_6
                0x000000000001c20c                w_s96_t_7
                0x000000000001c234                w_s96_t_8
                0x000000000001c25c                w_s96_t_9
                0x000000000001c284                w_s97_t_0
                0x000000000001c2ac                w_s97_t_1
                0x000000000001c2b0                w_s97_t_2
                0x000000000001c2b4                w_s97_t_3
                0x000000000001c2dc                w_s97_t_4
                0x000000000001c2e0                w_s97_t_5
                0x000000000001c308                w_s97_t_6
                0x000000000001c330                w_s97_t_7
                0x000000000001c358                w_s97_t_8
                0x000000000001c35c                w_s97_t_9
                0x000000000001c360                w_s98_t_0
                0x000000000001c388                w_s98_t_1
                0x000000000001c3b0                w_s98_t_2
                0x000000000001c3b4                w_s98_t_3
                0x000000000001c3b8                w_s98_t_4
[...]
 .debug_info    0x0000000000012001       0xae /usr/lib/gcc/arm-none-eabi/4.9.3/libgcc.a(_udivsi3.o)
 .debug_info    0x00000000000120af       0xae /usr/lib/gcc/arm-none-eabi/4.9.3/libgcc.a(_dvmd_tls.o)
 .debug_info    0x000000000001215d       0xaf /usr/lib/gcc/arm-none-eabi/4.9.3/libgcc.a(_arm_addsubdf3.o)
 .debug_info    0x000000000001220c       0xaf /usr/lib/gcc/arm-none-eabi/4.9.3/libgcc.a(_arm_muldivdf3.o)
 .debug_info    0x00000000000122bb       0xaf /usr/lib/gcc/arm-none-eabi/4.9.3/libgcc.a(_arm_fixunsdfsi.o)
 .debug_info    0x000000000001236a      0x131 /usr/lib/arm-none-eabi/lib/libc.a(lib_a-memcpy.o)
 .debug_info    0x000000000001249b      0x117 /usr/lib/arm-none-eabi/lib/libc.a(lib_a-memset.o)
 .debug_info    0x00000000000125b2      0x128 /usr/lib/arm-none-eabi/lib/libc.a(lib_a-strncpy.o)

.debug_abbrev   0x0000000000000000     0x11bf
 .debug_abbrev  0x0000000000000000      0x148 /home/woods/Documents/Bachelorthesis/ModeLevelTaskModel_EDF/build/FreeRTOS/Source/portable/GCC/RaspberryPi/port.o
 .debug_abbrev  0x0000000000000148       0xce /home/woods/Documents/Bachelorthesis/ModeLevelTaskModel_EDF/build/FreeRTOS/Source/portable/GCC/RaspberryPi/portisr.o
 .debug_abbrev  0x0000000000000216      0x185 /home/woods/Documents/Bachelorthesis/ModeLevelTaskModel_EDF/build/FreeRTOS/Source/croutine.o
 .debug_abbrev  0x000000000000039b       0xd6 /home/woods/Documents/Bachelorthesis/ModeLevelTaskModel_EDF/build/FreeRTOS/Source/list.o
 .debug_abbrev  0x0000000000000471      0x132 /home/woods/Documents/Bachelorthesis/ModeLevelTaskModel_EDF/build/FreeRTOS/Source/queue.o
 .debug_abbrev  0x00000000000005a3      0x29c /home/woods/Documents/Bachelorthesis/ModeLevelTaskModel_EDF/build/FreeRTOS/Source/tasks.o
 .debug_abbrev  0x000000000000083f      0x12f /home/woods/Documents/Bachelorthesis/ModeLevelTaskModel_EDF/build/Demo/Drivers/irq.o
 .debug_abbrev  0x000000000000096e      0x12f /home/woods/Documents/Bachelorthesis/ModeLevelTaskModel_EDF/build/Demo/Drivers/gpio.o
 .debug_abbrev  0x0000000000000a9d       0xee /home/woods/Documents/Bachelorthesis/ModeLevelTaskModel_EDF/build/Demo/Drivers/uart.o
 .debug_abbrev  0x0000000000000b8b      0x13b /home/woods/Documents/Bachelorthesis/ModeLevelTaskModel_EDF/build/Demo/Drivers/print_473.o
 .debug_abbrev  0x0000000000000cc6      0x199 /home/woods/Documents/Bachelorthesis/ModeLevelTaskModel_EDF/build//FreeRTOS/Source/portable/MemMang/heap_4.o
 .debug_abbrev  0x0000000000000e5f      0x113 /home/woods/Documents/Bachelorthesis/ModeLevelTaskModel_EDF/build/Demo/main.o
 .debug_abbrev  0x0000000000000f72       0x14 /usr/lib/gcc/arm-none-eabi/4.9.3/libgcc.a(_udivsi3.o)
 .debug_abbrev  0x0000000000000f86       0x14 /usr/lib/gcc/arm-none-eabi/4.9.3/libgcc.a(_dvmd_tls.o)
 .debug_abbrev  0x0000000000000f9a       0x14 /usr/lib/gcc/arm-none-eabi/4.9.3/libgcc.a(_arm_addsubdf3.o)
 .debug_abbrev  0x0000000000000fae       0x14 /usr/lib/gcc/arm-none-eabi/4.9.3/libgcc.a(_arm_muldivdf3.o)
 .debug_abbrev  0x0000000000000fc2       0x14 /usr/lib/gcc/arm-none-eabi/4.9.3/libgcc.a(_arm_fixunsdfsi.o)
 .debug_abbrev  0x0000000000000fd6       0xab /usr/lib/arm-none-eabi/lib/libc.a(lib_a-memcpy.o)
 .debug_abbrev  0x0000000000001081       0x9f /usr/lib/arm-none-eabi/lib/libc.a(lib_a-memset.o)
 .debug_abbrev  0x0000000000001120       0x9f /usr/lib/arm-none-eabi/lib/libc.a(lib_a-strncpy.o)

.debug_aranges  0x0000000000000000      0x280
 .debug_aranges
                0x0000000000000000       0x20 /home/woods/Documents/Bachelorthesis/ModeLevelTaskModel_EDF/build/FreeRTOS/Source/portable/GCC/RaspberryPi/port.o
 .debug_aranges
                0x0000000000000020       0x20 /home/woods/Documents/Bachelorthesis/ModeLevelTaskModel_EDF/build/FreeRTOS/Source/portable/GCC/RaspberryPi/portisr.o
 .debug_aranges
                0x0000000000000040       0x20 /home/woods/Documents/Bachelorthesis/ModeLevelTaskModel_EDF/build/FreeRTOS/Source/croutine.o
 .debug_aranges
                0x0000000000000060       0x20 /home/woods/Documents/Bachelorthesis/ModeLevelTaskModel_EDF/build/FreeRTOS/Source/list.o
 .debug_aranges
                0x0000000000000080       0x20 /home/woods/Documents/Bachelorthesis/ModeLevelTaskModel_EDF/build/FreeRTOS/Source/queue.o
 .debug_aranges
                0x00000000000000a0       0x20 /home/woods/Documents/Bachelorthesis/ModeLevelTaskModel_EDF/build/FreeRTOS/Source/tasks.o
 .debug_aranges
                0x00000000000000c0       0x20 /home/woods/Documents/Bachelorthesis/ModeLevelTaskModel_EDF/build/Demo/Drivers/irq.o
 .debug_aranges
                0x00000000000000e0       0x20 /home/woods/Documents/Bachelorthesis/ModeLevelTaskModel_EDF/build/Demo/Drivers/gpio.o
 .debug_aranges
                0x0000000000000100       0x20 /home/woods/Documents/Bachelorthesis/ModeLevelTaskModel_EDF/build/Demo/Drivers/uart.o
 .debug_aranges
                0x0000000000000120       0x20 /home/woods/Documents/Bachelorthesis/ModeLevelTaskModel_EDF/build/Demo/Drivers/print_473.o
 .debug_aranges
                0x0000000000000140       0x20 /home/woods/Documents/Bachelorthesis/ModeLevelTaskModel_EDF/build//FreeRTOS/Source/portable/MemMang/heap_4.o
 .debug_aranges
                0x0000000000000160       0x20 /home/woods/Documents/Bachelorthesis/ModeLevelTaskModel_EDF/build/Demo/main.o
 .debug_aranges
                0x0000000000000180       0x20 /usr/lib/gcc/arm-none-eabi/4.9.3/libgcc.a(_udivsi3.o)
 .debug_aranges
                0x00000000000001a0       0x20 /usr/lib/gcc/arm-none-eabi/4.9.3/libgcc.a(_dvmd_tls.o)
 .debug_aranges
                0x00000000000001c0       0x20 /usr/lib/gcc/arm-none-eabi/4.9.3/libgcc.a(_arm_addsubdf3.o)
 .debug_aranges
                0x00000000000001e0       0x20 /usr/lib/gcc/arm-none-eabi/4.9.3/libgcc.a(_arm_muldivdf3.o)
 .debug_aranges
                0x0000000000000200       0x20 /usr/lib/gcc/arm-none-eabi/4.9.3/libgcc.a(_arm_fixunsdfsi.o)
 .debug_aranges
                0x0000000000000220       0x20 /usr/lib/arm-none-eabi/lib/libc.a(lib_a-memcpy.o)
 .debug_aranges
                0x0000000000000240       0x20 /usr/lib/arm-none-eabi/lib/libc.a(lib_a-memset.o)
 .debug_aranges
                0x0000000000000260       0x20 /usr/lib/arm-none-eabi/lib/libc.a(lib_a-strncpy.o)

.debug_line     0x0000000000000000     0x1d64
 .debug_line    0x0000000000000000      0x15c /home/woods/Documents/Bachelorthesis/ModeLevelTaskModel_EDF/build/FreeRTOS/Source/portable/GCC/RaspberryPi/port.o
 .debug_line    0x000000000000015c       0xd2 /home/woods/Documents/Bachelorthesis/ModeLevelTaskModel_EDF/build/FreeRTOS/Source/portable/GCC/RaspberryPi/portisr.o
 .debug_line    0x000000000000022e      0x229 /home/woods/Documents/Bachelorthesis/ModeLevelTaskModel_EDF/build/FreeRTOS/Source/croutine.o
 .debug_line    0x0000000000000457      0x19e /home/woods/Documents/Bachelorthesis/ModeLevelTaskModel_EDF/build/FreeRTOS/Source/list.o
 .debug_line    0x00000000000005f5      0x2ce /home/woods/Documents/Bachelorthesis/ModeLevelTaskModel_EDF/build/FreeRTOS/Source/queue.o
 .debug_line    0x00000000000008c3      0x66d /home/woods/Documents/Bachelorthesis/ModeLevelTaskModel_EDF/build/FreeRTOS/Source/tasks.o
 .debug_line    0x0000000000000f30       0xc8 /home/woods/Documents/Bachelorthesis/ModeLevelTaskModel_EDF/build/Demo/Drivers/irq.o
 .debug_line    0x0000000000000ff8       0xd8 /home/woods/Documents/Bachelorthesis/ModeLevelTaskModel_EDF/build/Demo/Drivers/gpio.o
 .debug_line    0x00000000000010d0      0x159 /home/woods/Documents/Bachelorthesis/ModeLevelTaskModel_EDF/build/Demo/Drivers/uart.o
 .debug_line    0x0000000000001229      0x1e3 /home/woods/Documents/Bachelorthesis/ModeLevelTaskModel_EDF/build/Demo/Drivers/print_473.o
 .debug_line    0x000000000000140c      0x132 /home/woods/Documents/Bachelorthesis/ModeLevelTaskModel_EDF/build//FreeRTOS/Source/portable/MemMang/heap_4.o
 .debug_line    0x000000000000153e       0xcc /home/woods/Documents/Bachelorthesis/ModeLevelTaskModel_EDF/build/Demo/main.o
 .debug_line    0x000000000000160a       0x78 /usr/lib/gcc/arm-none-eabi/4.9.3/libgcc.a(_udivsi3.o)
 .debug_line    0x0000000000001682       0x5b /usr/lib/gcc/arm-none-eabi/4.9.3/libgcc.a(_dvmd_tls.o)
 .debug_line    0x00000000000016dd      0x15e /usr/lib/gcc/arm-none-eabi/4.9.3/libgcc.a(_arm_addsubdf3.o)
 .debug_line    0x000000000000183b      0x17a /usr/lib/gcc/arm-none-eabi/4.9.3/libgcc.a(_arm_muldivdf3.o)
 .debug_line    0x00000000000019b5       0x70 /usr/lib/gcc/arm-none-eabi/4.9.3/libgcc.a(_arm_fixunsdfsi.o)
 .debug_line    0x0000000000001a25      0x119 /usr/lib/arm-none-eabi/lib/libc.a(lib_a-memcpy.o)
 .debug_line    0x0000000000001b3e      0x11a /usr/lib/arm-none-eabi/lib/libc.a(lib_a-memset.o)
 .debug_line    0x0000000000001c58      0x10c /usr/lib/arm-none-eabi/lib/libc.a(lib_a-strncpy.o)

.debug_str      0x0000000000000000     0x96c6
 .debug_str     0x0000000000000000      0x1ce /home/woods/Documents/Bachelorthesis/ModeLevelTaskModel_EDF/build/FreeRTOS/Source/portable/GCC/RaspberryPi/port.o
                                        0x21a (size before relaxing)
 .debug_str     0x00000000000001ce      0x10d /home/woods/Documents/Bachelorthesis/ModeLevelTaskModel_EDF/build/FreeRTOS/Source/portable/GCC/RaspberryPi/portisr.o
                                        0x18f (size before relaxing)
 .debug_str     0x00000000000002db      0x37a /home/woods/Documents/Bachelorthesis/ModeLevelTaskModel_EDF/build/FreeRTOS/Source/croutine.o
                                        0x43a (size before relaxing)
 .debug_str     0x0000000000000655      0x140 /home/woods/Documents/Bachelorthesis/ModeLevelTaskModel_EDF/build/FreeRTOS/Source/list.o
                                        0x288 (size before relaxing)
 .debug_str     0x0000000000000795      0x35a /home/woods/Documents/Bachelorthesis/ModeLevelTaskModel_EDF/build/FreeRTOS/Source/queue.o
                                        0x507 (size before relaxing)
 .debug_str     0x0000000000000aef      0x94b /home/woods/Documents/Bachelorthesis/ModeLevelTaskModel_EDF/build/FreeRTOS/Source/tasks.o
                                        0xc0f (size before relaxing)
 .debug_str     0x000000000000143a      0x16e /home/woods/Documents/Bachelorthesis/ModeLevelTaskModel_EDF/build/Demo/Drivers/irq.o
                                        0x1fd (size before relaxing)
 .debug_str     0x00000000000015a8      0x248 /home/woods/Documents/Bachelorthesis/ModeLevelTaskModel_EDF/build/Demo/Drivers/gpio.o
                                        0x2d5 (size before relaxing)
 .debug_str     0x00000000000017f0       0x8c /home/woods/Documents/Bachelorthesis/ModeLevelTaskModel_EDF/build/Demo/Drivers/uart.o
                                        0x169 (size before relaxing)
 .debug_str     0x000000000000187c       0xcf /home/woods/Documents/Bachelorthesis/ModeLevelTaskModel_EDF/build/Demo/Drivers/print_473.o
                                        0x1a2 (size before relaxing)
 .debug_str     0x000000000000194b      0x1e2 /home/woods/Documents/Bachelorthesis/ModeLevelTaskModel_EDF/build//FreeRTOS/Source/portable/MemMang/heap_4.o
                                        0x2db (size before relaxing)
 .debug_str     0x0000000000001b2d     0x7a0f /home/woods/Documents/Bachelorthesis/ModeLevelTaskModel_EDF/build/Demo/main.o
                                       0x7b77 (size before relaxing)
 .debug_str     0x000000000000953c      0x110 /usr/lib/arm-none-eabi/lib/libc.a(lib_a-memcpy.o)
                                        0x1a9 (size before relaxing)
 .debug_str     0x000000000000964c       0x46 /usr/lib/arm-none-eabi/lib/libc.a(lib_a-memset.o)
                                        0x196 (size before relaxing)
 .debug_str     0x0000000000009692       0x34 /usr/lib/arm-none-eabi/lib/libc.a(lib_a-strncpy.o)
                                        0x1ac (size before relaxing)

.comment        0x0000000000000000       0x70
 .comment       0x0000000000000000       0x38 /home/woods/Documents/Bachelorthesis/ModeLevelTaskModel_EDF/build/FreeRTOS/Source/portable/GCC/RaspberryPi/port.o
                                         0x39 (size before relaxing)
 .comment       0x0000000000000038       0x39 /home/woods/Documents/Bachelorthesis/ModeLevelTaskModel_EDF/build/FreeRTOS/Source/portable/GCC/RaspberryPi/portisr.o
 .comment       0x0000000000000038       0x39 /home/woods/Documents/Bachelorthesis/ModeLevelTaskModel_EDF/build/FreeRTOS/Source/croutine.o
 .comment       0x0000000000000038       0x39 /home/woods/Documents/Bachelorthesis/ModeLevelTaskModel_EDF/build/FreeRTOS/Source/list.o
 .comment       0x0000000000000038       0x39 /home/woods/Documents/Bachelorthesis/ModeLevelTaskModel_EDF/build/FreeRTOS/Source/queue.o
 .comment       0x0000000000000038       0x39 /home/woods/Documents/Bachelorthesis/ModeLevelTaskModel_EDF/build/FreeRTOS/Source/tasks.o
 .comment       0x0000000000000038       0x39 /home/woods/Documents/Bachelorthesis/ModeLevelTaskModel_EDF/build/Demo/Drivers/irq.o
 .comment       0x0000000000000038       0x39 /home/woods/Documents/Bachelorthesis/ModeLevelTaskModel_EDF/build/Demo/Drivers/gpio.o
 .comment       0x0000000000000038       0x39 /home/woods/Documents/Bachelorthesis/ModeLevelTaskModel_EDF/build/Demo/Drivers/uart.o
 .comment       0x0000000000000038       0x39 /home/woods/Documents/Bachelorthesis/ModeLevelTaskModel_EDF/build/Demo/Drivers/print_473.o
 .comment       0x0000000000000038       0x39 /home/woods/Documents/Bachelorthesis/ModeLevelTaskModel_EDF/build//FreeRTOS/Source/portable/MemMang/heap_4.o
 .comment       0x0000000000000038       0x39 /home/woods/Documents/Bachelorthesis/ModeLevelTaskModel_EDF/build/Demo/main.o
 .comment       0x0000000000000038       0x38 /usr/lib/arm-none-eabi/lib/libc.a(lib_a-memcpy.o)
                                         0x39 (size before relaxing)
 .comment       0x0000000000000070       0x39 /usr/lib/arm-none-eabi/lib/libc.a(lib_a-memset.o)
 .comment       0x0000000000000070       0x39 /usr/lib/arm-none-eabi/lib/libc.a(lib_a-strncpy.o)

.ARM.attributes
                0x0000000000000000       0x2c
 .ARM.attributes
                0x0000000000000000       0x2e /home/woods/Documents/Bachelorthesis/ModeLevelTaskModel_EDF/build/FreeRTOS/Source/portable/GCC/RaspberryPi/port.o
 .ARM.attributes
                0x000000000000002e       0x2e /home/woods/Documents/Bachelorthesis/ModeLevelTaskModel_EDF/build/FreeRTOS/Source/portable/GCC/RaspberryPi/portisr.o
 .ARM.attributes
                0x000000000000005c       0x2e /home/woods/Documents/Bachelorthesis/ModeLevelTaskModel_EDF/build/FreeRTOS/Source/croutine.o
 .ARM.attributes
                0x000000000000008a       0x2e /home/woods/Documents/Bachelorthesis/ModeLevelTaskModel_EDF/build/FreeRTOS/Source/list.o
 .ARM.attributes
                0x00000000000000b8       0x2e /home/woods/Documents/Bachelorthesis/ModeLevelTaskModel_EDF/build/FreeRTOS/Source/queue.o
 .ARM.attributes
                0x00000000000000e6       0x2e /home/woods/Documents/Bachelorthesis/ModeLevelTaskModel_EDF/build/FreeRTOS/Source/tasks.o
 .ARM.attributes
                0x0000000000000114       0x2e /home/woods/Documents/Bachelorthesis/ModeLevelTaskModel_EDF/build/Demo/Drivers/irq.o
 .ARM.attributes
                0x0000000000000142       0x2e /home/woods/Documents/Bachelorthesis/ModeLevelTaskModel_EDF/build/Demo/Drivers/gpio.o
 .ARM.attributes
                0x0000000000000170       0x2e /home/woods/Documents/Bachelorthesis/ModeLevelTaskModel_EDF/build/Demo/Drivers/uart.o
 .ARM.attributes
                0x000000000000019e       0x2e /home/woods/Documents/Bachelorthesis/ModeLevelTaskModel_EDF/build/Demo/Drivers/print_473.o
 .ARM.attributes
                0x00000000000001cc       0x2e /home/woods/Documents/Bachelorthesis/ModeLevelTaskModel_EDF/build//FreeRTOS/Source/portable/MemMang/heap_4.o
 .ARM.attributes
                0x00000000000001fa       0x14 /home/woods/Documents/Bachelorthesis/ModeLevelTaskModel_EDF/build/Demo/startup.o
 .ARM.attributes
                0x000000000000020e       0x2e /home/woods/Documents/Bachelorthesis/ModeLevelTaskModel_EDF/build/Demo/main.o
 .ARM.attributes
                0x000000000000023c       0x18 /usr/lib/gcc/arm-none-eabi/4.9.3/libgcc.a(_udivsi3.o)
 .ARM.attributes
                0x0000000000000254       0x18 /usr/lib/gcc/arm-none-eabi/4.9.3/libgcc.a(_dvmd_tls.o)
 .ARM.attributes
                0x000000000000026c       0x18 /usr/lib/gcc/arm-none-eabi/4.9.3/libgcc.a(_arm_addsubdf3.o)
 .ARM.attributes
                0x0000000000000284       0x18 /usr/lib/gcc/arm-none-eabi/4.9.3/libgcc.a(_arm_muldivdf3.o)
 .ARM.attributes
                0x000000000000029c       0x18 /usr/lib/gcc/arm-none-eabi/4.9.3/libgcc.a(_arm_fixunsdfsi.o)
 .ARM.attributes
                0x00000000000002b4       0x30 /usr/lib/arm-none-eabi/lib/libc.a(lib_a-memcpy.o)
 .ARM.attributes
                0x00000000000002e4       0x30 /usr/lib/arm-none-eabi/lib/libc.a(lib_a-memset.o)
 .ARM.attributes
                0x0000000000000314       0x30 /usr/lib/arm-none-eabi/lib/libc.a(lib_a-strncpy.o)

.debug_frame    0x0000000000000000     0x1188
 .debug_frame   0x0000000000000000       0xcc /home/woods/Documents/Bachelorthesis/ModeLevelTaskModel_EDF/build/FreeRTOS/Source/portable/GCC/RaspberryPi/port.o
 .debug_frame   0x00000000000000cc       0x90 /home/woods/Documents/Bachelorthesis/ModeLevelTaskModel_EDF/build/FreeRTOS/Source/portable/GCC/RaspberryPi/portisr.o
 .debug_frame   0x000000000000015c       0xf0 /home/woods/Documents/Bachelorthesis/ModeLevelTaskModel_EDF/build/FreeRTOS/Source/croutine.o
 .debug_frame   0x000000000000024c       0xd0 /home/woods/Documents/Bachelorthesis/ModeLevelTaskModel_EDF/build/FreeRTOS/Source/list.o
 .debug_frame   0x000000000000031c      0x214 /home/woods/Documents/Bachelorthesis/ModeLevelTaskModel_EDF/build/FreeRTOS/Source/queue.o
 .debug_frame   0x0000000000000530      0x61c /home/woods/Documents/Bachelorthesis/ModeLevelTaskModel_EDF/build/FreeRTOS/Source/tasks.o
 .debug_frame   0x0000000000000b4c       0xf0 /home/woods/Documents/Bachelorthesis/ModeLevelTaskModel_EDF/build/Demo/Drivers/irq.o
 .debug_frame   0x0000000000000c3c       0xf0 /home/woods/Documents/Bachelorthesis/ModeLevelTaskModel_EDF/build/Demo/Drivers/gpio.o
 .debug_frame   0x0000000000000d2c      0x10c /home/woods/Documents/Bachelorthesis/ModeLevelTaskModel_EDF/build/Demo/Drivers/uart.o
 .debug_frame   0x0000000000000e38      0x14c /home/woods/Documents/Bachelorthesis/ModeLevelTaskModel_EDF/build/Demo/Drivers/print_473.o
 .debug_frame   0x0000000000000f84       0xd0 /home/woods/Documents/Bachelorthesis/ModeLevelTaskModel_EDF/build//FreeRTOS/Source/portable/MemMang/heap_4.o
 .debug_frame   0x0000000000001054       0x70 /home/woods/Documents/Bachelorthesis/ModeLevelTaskModel_EDF/build/Demo/main.o
 .debug_frame   0x00000000000010c4       0x20 /usr/lib/gcc/arm-none-eabi/4.9.3/libgcc.a(_udivsi3.o)
 .debug_frame   0x00000000000010e4       0x38 /usr/lib/arm-none-eabi/lib/libc.a(lib_a-memcpy.o)
 .debug_frame   0x000000000000111c       0x30 /usr/lib/arm-none-eabi/lib/libc.a(lib_a-memset.o)
 .debug_frame   0x000000000000114c       0x3c /usr/lib/arm-none-eabi/lib/libc.a(lib_a-strncpy.o)

.debug_loc      0x0000000000000000      0x4cb
 .debug_loc     0x0000000000000000      0x217 /usr/lib/arm-none-eabi/lib/libc.a(lib_a-memcpy.o)
 .debug_loc     0x0000000000000217      0x198 /usr/lib/arm-none-eabi/lib/libc.a(lib_a-memset.o)
 .debug_loc     0x00000000000003af      0x11c /usr/lib/arm-none-eabi/lib/libc.a(lib_a-strncpy.o)

.debug_ranges   0x0000000000000000       0x30
 .debug_ranges  0x0000000000000000       0x10 /usr/lib/arm-none-eabi/lib/libc.a(lib_a-memcpy.o)
 .debug_ranges  0x0000000000000010       0x10 /usr/lib/arm-none-eabi/lib/libc.a(lib_a-memset.o)
 .debug_ranges  0x0000000000000020       0x10 /usr/lib/arm-none-eabi/lib/libc.a(lib_a-strncpy.o)
