Archive member included to satisfy reference by file (symbol)

/usr/lib/gcc/arm-none-eabi/4.9.3/libgcc.a(_udivsi3.o)
                              /home/woods/Documents/Bachelorthesis/ModeLevelTaskModel_RM/build/Demo/Drivers/print_473.o (__aeabi_uidiv)
/usr/lib/gcc/arm-none-eabi/4.9.3/libgcc.a(_dvmd_tls.o)
                              /usr/lib/gcc/arm-none-eabi/4.9.3/libgcc.a(_udivsi3.o) (__aeabi_idiv0)
/usr/lib/gcc/arm-none-eabi/4.9.3/libgcc.a(_arm_addsubdf3.o)
                              /home/woods/Documents/Bachelorthesis/ModeLevelTaskModel_RM/build/Demo/main.o (__aeabi_i2d)
/usr/lib/gcc/arm-none-eabi/4.9.3/libgcc.a(_arm_muldivdf3.o)
                              /home/woods/Documents/Bachelorthesis/ModeLevelTaskModel_RM/build/Demo/main.o (__aeabi_dmul)
/usr/lib/gcc/arm-none-eabi/4.9.3/libgcc.a(_arm_fixunsdfsi.o)
                              /home/woods/Documents/Bachelorthesis/ModeLevelTaskModel_RM/build/Demo/main.o (__aeabi_d2uiz)
/usr/lib/arm-none-eabi/lib/libc.a(lib_a-memcpy.o)
                              /home/woods/Documents/Bachelorthesis/ModeLevelTaskModel_RM/build/FreeRTOS/Source/queue.o (memcpy)
/usr/lib/arm-none-eabi/lib/libc.a(lib_a-memset.o)
                              /home/woods/Documents/Bachelorthesis/ModeLevelTaskModel_RM/build/FreeRTOS/Source/tasks.o (memset)
/usr/lib/arm-none-eabi/lib/libc.a(lib_a-strncpy.o)
                              /home/woods/Documents/Bachelorthesis/ModeLevelTaskModel_RM/build/FreeRTOS/Source/tasks.o (strncpy)

Allocating common symbols
Common symbol       size              file

s_bWereEnabled      0x1               /home/woods/Documents/Bachelorthesis/ModeLevelTaskModel_RM/build/FreeRTOS/Source/portable/GCC/RaspberryPi/portisr.o

Memory Configuration

Name             Origin             Length             Attributes
RESERVED         0x0000000000000000 0x0000000000008000 r
INIT_RAM         0x0000000000008000 0x0000000000008000 xrw
RAM              0x0000000000010000 0x0000000010000000 xrw
*default*        0x0000000000000000 0xffffffffffffffff

Linker script and memory map

LOAD /home/woods/Documents/Bachelorthesis/ModeLevelTaskModel_RM/build/FreeRTOS/Source/portable/GCC/RaspberryPi/port.o
LOAD /home/woods/Documents/Bachelorthesis/ModeLevelTaskModel_RM/build/FreeRTOS/Source/portable/GCC/RaspberryPi/portisr.o
LOAD /home/woods/Documents/Bachelorthesis/ModeLevelTaskModel_RM/build/FreeRTOS/Source/croutine.o
LOAD /home/woods/Documents/Bachelorthesis/ModeLevelTaskModel_RM/build/FreeRTOS/Source/list.o
LOAD /home/woods/Documents/Bachelorthesis/ModeLevelTaskModel_RM/build/FreeRTOS/Source/queue.o
LOAD /home/woods/Documents/Bachelorthesis/ModeLevelTaskModel_RM/build/FreeRTOS/Source/tasks.o
LOAD /home/woods/Documents/Bachelorthesis/ModeLevelTaskModel_RM/build/FreeRTOS/Source/binaryHeap.o
LOAD /home/woods/Documents/Bachelorthesis/ModeLevelTaskModel_RM/build/FreeRTOS/Source/pairingHeap.o
LOAD /home/woods/Documents/Bachelorthesis/ModeLevelTaskModel_RM/build/FreeRTOS/Source/dll.o
LOAD /home/woods/Documents/Bachelorthesis/ModeLevelTaskModel_RM/build/Demo/Drivers/irq.o
LOAD /home/woods/Documents/Bachelorthesis/ModeLevelTaskModel_RM/build/Demo/Drivers/gpio.o
LOAD /home/woods/Documents/Bachelorthesis/ModeLevelTaskModel_RM/build/Demo/Drivers/uart.o
LOAD /home/woods/Documents/Bachelorthesis/ModeLevelTaskModel_RM/build/Demo/Drivers/print_473.o
LOAD /home/woods/Documents/Bachelorthesis/ModeLevelTaskModel_RM/build//FreeRTOS/Source/portable/MemMang/heap_4.o
LOAD /home/woods/Documents/Bachelorthesis/ModeLevelTaskModel_RM/build/Demo/startup.o
LOAD /home/woods/Documents/Bachelorthesis/ModeLevelTaskModel_RM/build/Demo/main.o

.init           0x0000000000008000       0xa4
 *(.init)
 .init          0x0000000000008000       0xa4 /home/woods/Documents/Bachelorthesis/ModeLevelTaskModel_RM/build/Demo/startup.o
                0x0000000000008000                _start

.module_entries
                0x00000000000080a4        0x0
                0x00000000000080a4                __module_entries_start = .
 *(.module_entries)
 *(.module_entries.*)
                0x00000000000080a4                __module_entries_end = .
                0x0000000000000000                __module_entries_size = SIZEOF (.module_entries)

.text           0x0000000000010000     0x7620
 *(.text)
 .text          0x0000000000010000      0x368 /home/woods/Documents/Bachelorthesis/ModeLevelTaskModel_RM/build/FreeRTOS/Source/portable/GCC/RaspberryPi/port.o
                0x0000000000010000                xGetClkCount
                0x0000000000010030                pxPortInitialiseStack
                0x0000000000010270                xPortStartScheduler
                0x000000000001028c                vPortEndScheduler
                0x00000000000102a0                vTickISR
 .text          0x0000000000010368      0x2fc /home/woods/Documents/Bachelorthesis/ModeLevelTaskModel_RM/build/FreeRTOS/Source/portable/GCC/RaspberryPi/portisr.o
                0x0000000000010368                vPortISRStartFirstTask
                0x00000000000103fc                vPortYieldProcessor
                0x00000000000104ac                vFreeRTOS_ISR
                0x000000000001055c                vPortEnterCritical
                0x00000000000105e4                vPortExitCritical
 .text          0x0000000000010664      0x754 /home/woods/Documents/Bachelorthesis/ModeLevelTaskModel_RM/build/FreeRTOS/Source/croutine.o
                0x0000000000010664                xCoRoutineCreate
                0x00000000000107cc                vCoRoutineAddToDelayedList
                0x0000000000010b60                vCoRoutineSchedule
                0x0000000000010d2c                xCoRoutineRemoveFromEventList
 .text          0x0000000000010db8      0x288 /home/woods/Documents/Bachelorthesis/ModeLevelTaskModel_RM/build/FreeRTOS/Source/list.o
                0x0000000000010db8                vListInitialise
                0x0000000000010e1c                vListInitialiseItem
                0x0000000000010e44                vListInsertEnd
                0x0000000000010ed8                vListInsert
                0x0000000000010fac                vListRemove
 .text          0x0000000000011040      0xbbc /home/woods/Documents/Bachelorthesis/ModeLevelTaskModel_RM/build/FreeRTOS/Source/queue.o
                0x0000000000011040                xQueueGenericReset
                0x0000000000011154                xQueueGenericCreate
                0x000000000001121c                xQueueGenericSend
                0x00000000000113c8                xQueueGenericSendFromISR
                0x00000000000114a4                xQueueGenericReceive
                0x00000000000116b0                xQueueReceiveFromISR
                0x0000000000011790                uxQueueMessagesWaiting
                0x00000000000117c4                uxQueueMessagesWaitingFromISR
                0x00000000000117f4                vQueueDelete
                0x0000000000011b28                xQueueIsQueueEmptyFromISR
                0x0000000000011bb4                xQueueIsQueueFullFromISR
 .text          0x0000000000011bfc     0x26d8 /home/woods/Documents/Bachelorthesis/ModeLevelTaskModel_RM/build/FreeRTOS/Source/tasks.o
                0x0000000000011bfc                prvUpdateTaskMode
                0x0000000000011cb4                prvAddTaskToReadyQueue
                0x0000000000011d3c                prvCheckDelayedTasks
                0x0000000000011e18                sendData
                0x0000000000011e88                makePeriodic
                0x0000000000011f98                xTaskGenericCreate
                0x0000000000012268                vTaskDelete
                0x0000000000012378                vTaskDelayUntil
                0x0000000000012484                vTaskPeriodicDelay
                0x00000000000126b0                vTaskDelay
                0x0000000000012730                uxTaskPeriodGet
                0x000000000001279c                uxTaskCurrentDeadlineGet
                0x0000000000012814                uxTaskCurrentModeGet
                0x000000000001286c                uxTaskModeBreaksGet
                0x00000000000128d8                uxTaskDeadlineGet
                0x0000000000012944                uxTaskWCETGet
                0x00000000000129b0                uxTaskPriorityGet
                0x0000000000012a08                vTaskPrioritySet
                0x0000000000012b54                vTaskSuspend
                0x0000000000012c54                xTaskIsTaskSuspended
                0x0000000000012cd0                vTaskResume
                0x0000000000012d68                xTaskResumeFromISR
                0x0000000000012e28                vFinishEvaluation
                0x0000000000012f58                vAssignPriorities
                0x0000000000013274                vTaskStartScheduler
                0x00000000000133ac                vTaskEndScheduler
                0x00000000000133e0                vTaskSuspendAll
                0x000000000001340c                xTaskResumeAll
                0x0000000000013564                xTaskUnsuspendScheduler
                0x000000000001367c                xTaskGetTickCount
                0x00000000000136b0                xTaskGetTickCountFromISR
                0x00000000000136e8                uxTaskGetNumberOfTasks
                0x000000000001370c                xTaskGetIdleTaskHandle
                0x0000000000013730                vTaskIncrementTick
                0x0000000000013834                vTaskSwitchContext
                0x0000000000013918                vTaskPlaceOnEventList
                0x00000000000139b0                xTaskRemoveFromEventList
                0x0000000000013a6c                vTaskSetTimeOutState
                0x0000000000013ab0                xTaskCheckForTimeOut
                0x0000000000013ba4                vTaskMissedYield
                0x0000000000013bc8                vClearRemaining
 .text          0x00000000000142d4      0x368 /home/woods/Documents/Bachelorthesis/ModeLevelTaskModel_RM/build/FreeRTOS/Source/binaryHeap.o
                0x00000000000142d4                buildmaxheap
                0x0000000000014340                maxheapify
                0x00000000000144a8                insert
                0x0000000000014580                extractMax
 .text          0x000000000001463c      0x2c0 /home/woods/Documents/Bachelorthesis/ModeLevelTaskModel_RM/build/FreeRTOS/Source/pairingHeap.o
                0x000000000001463c                merge
                0x000000000001476c                twoPassMerge
                0x0000000000014820                pheapInsert
                0x0000000000014890                pheapExtractMax
 .text          0x00000000000148fc      0x11c /home/woods/Documents/Bachelorthesis/ModeLevelTaskModel_RM/build/FreeRTOS/Source/dll.o
                0x00000000000148fc                vDllInitialise
                0x000000000001496c                vDllInsert
 .text          0x0000000000014a18      0x3d8 /home/woods/Documents/Bachelorthesis/ModeLevelTaskModel_RM/build/Demo/Drivers/irq.o
                0x0000000000014ac4                irqHandler
                0x0000000000014bb4                irqUnblock
                0x0000000000014bcc                irqBlock
                0x0000000000014be4                irqRegister
                0x0000000000014c44                irqEnable
                0x0000000000014d14                irqDisable
 .text          0x0000000000014df0      0x5b8 /home/woods/Documents/Bachelorthesis/ModeLevelTaskModel_RM/build/Demo/Drivers/gpio.o
                0x0000000000014df0                SetGpioFunction
                0x0000000000014ec8                SetGpioDirection
                0x0000000000014ef8                SetGpio
                0x0000000000014fac                ReadGpio
                0x0000000000014ffc                EnableGpioDetect
                0x00000000000151a4                DisableGpioDetect
                0x0000000000015354                ClearGpioInterrupt
 .text          0x00000000000153a8      0x470 /home/woods/Documents/Bachelorthesis/ModeLevelTaskModel_RM/build/Demo/Drivers/uart.o
                0x00000000000153a8                PUT32
                0x00000000000153d4                GET32
                0x00000000000153fc                uart_puts
                0x0000000000015440                uart_putc
                0x000000000001548c                uart_getc
                0x00000000000154d0                uart_init
                0x0000000000015610                vUartISR
                0x0000000000015678                setupUARTInterrupt
 .text          0x0000000000015818      0x744 /home/woods/Documents/Bachelorthesis/ModeLevelTaskModel_RM/build/Demo/Drivers/print_473.o
                0x0000000000015e88                printf_473
                0x0000000000015ec8                sprintf_473
                0x0000000000015f10                snprintf_473
 .text          0x0000000000015f5c      0x4a4 /home/woods/Documents/Bachelorthesis/ModeLevelTaskModel_RM/build//FreeRTOS/Source/portable/MemMang/heap_4.o
                0x0000000000015f5c                pvPortMalloc
                0x0000000000016128                vPortFree
                0x00000000000161a0                xPortGetFreeHeapSize
                0x00000000000161c4                vPortInitialiseBlocks
 .text          0x0000000000016400       0x18 /home/woods/Documents/Bachelorthesis/ModeLevelTaskModel_RM/build/Demo/startup.o
 .text          0x0000000000016418      0x7e4 /home/woods/Documents/Bachelorthesis/ModeLevelTaskModel_RM/build/Demo/main.o
                0x0000000000016418                task
                0x00000000000164a4                createSet
                0x0000000000016be0                main
 .text          0x0000000000016bfc      0x114 /usr/lib/gcc/arm-none-eabi/4.9.3/libgcc.a(_udivsi3.o)
                0x0000000000016bfc                __udivsi3
                0x0000000000016bfc                __aeabi_uidiv
                0x0000000000016cf0                __aeabi_uidivmod
 .text          0x0000000000016d10        0x4 /usr/lib/gcc/arm-none-eabi/4.9.3/libgcc.a(_dvmd_tls.o)
                0x0000000000016d10                __aeabi_ldiv0
                0x0000000000016d10                __aeabi_idiv0
 .text          0x0000000000016d14      0x41c /usr/lib/gcc/arm-none-eabi/4.9.3/libgcc.a(_arm_addsubdf3.o)
                0x0000000000016d14                __aeabi_drsub
                0x0000000000016d1c                __aeabi_dsub
                0x0000000000016d1c                __subdf3
                0x0000000000016d20                __adddf3
                0x0000000000016d20                __aeabi_dadd
                0x0000000000017030                __aeabi_ui2d
                0x0000000000017030                __floatunsidf
                0x0000000000017054                __aeabi_i2d
                0x0000000000017054                __floatsidf
                0x000000000001707c                __extendsfdf2
                0x000000000001707c                __aeabi_f2d
                0x00000000000170bc                __aeabi_ul2d
                0x00000000000170bc                __floatundidf
                0x00000000000170d0                __floatdidf
                0x00000000000170d0                __aeabi_l2d
 .text          0x0000000000017130      0x49c /usr/lib/gcc/arm-none-eabi/4.9.3/libgcc.a(_arm_muldivdf3.o)
                0x0000000000017130                __aeabi_dmul
                0x0000000000017130                __muldf3
                0x00000000000173c0                __aeabi_ddiv
                0x00000000000173c0                __divdf3
 .text          0x00000000000175cc       0x54 /usr/lib/gcc/arm-none-eabi/4.9.3/libgcc.a(_arm_fixunsdfsi.o)
                0x00000000000175cc                __aeabi_d2uiz
                0x00000000000175cc                __fixunsdfsi
 .text          0x0000000000017620        0x0 /usr/lib/arm-none-eabi/lib/libc.a(lib_a-memcpy.o)
 .text          0x0000000000017620        0x0 /usr/lib/arm-none-eabi/lib/libc.a(lib_a-memset.o)
 .text          0x0000000000017620        0x0 /usr/lib/arm-none-eabi/lib/libc.a(lib_a-strncpy.o)

.rodata         0x0000000000017620       0x9b
 .rodata        0x0000000000017620        0x8 /home/woods/Documents/Bachelorthesis/ModeLevelTaskModel_RM/build/FreeRTOS/Source/portable/GCC/RaspberryPi/port.o
 .rodata        0x0000000000017628       0x29 /home/woods/Documents/Bachelorthesis/ModeLevelTaskModel_RM/build/FreeRTOS/Source/tasks.o
 *fill*         0x0000000000017651        0x3 
 .rodata        0x0000000000017654        0x4 /home/woods/Documents/Bachelorthesis/ModeLevelTaskModel_RM/build/Demo/Drivers/irq.o
 .rodata        0x0000000000017658        0x4 /home/woods/Documents/Bachelorthesis/ModeLevelTaskModel_RM/build/Demo/Drivers/gpio.o
                0x0000000000017658                pRegs
 .rodata        0x000000000001765c        0x7 /home/woods/Documents/Bachelorthesis/ModeLevelTaskModel_RM/build/Demo/Drivers/print_473.o
 *fill*         0x0000000000017663        0x1 
 .rodata        0x0000000000017664        0x8 /home/woods/Documents/Bachelorthesis/ModeLevelTaskModel_RM/build//FreeRTOS/Source/portable/MemMang/heap_4.o
 .rodata        0x000000000001766c       0x4f /home/woods/Documents/Bachelorthesis/ModeLevelTaskModel_RM/build/Demo/main.o

.glue_7         0x00000000000176bc        0x0
 .glue_7        0x00000000000176bc        0x0 linker stubs

.glue_7t        0x00000000000176bc        0x0
 .glue_7t       0x00000000000176bc        0x0 linker stubs

.vfp11_veneer   0x00000000000176bc        0x0
 .vfp11_veneer  0x00000000000176bc        0x0 linker stubs

.v4_bx          0x00000000000176bc        0x0
 .v4_bx         0x00000000000176bc        0x0 linker stubs

.iplt           0x00000000000176bc        0x0
 .iplt          0x00000000000176bc        0x0 /home/woods/Documents/Bachelorthesis/ModeLevelTaskModel_RM/build/FreeRTOS/Source/portable/GCC/RaspberryPi/port.o

.text.memcpy    0x00000000000176bc       0xf0
 .text.memcpy   0x00000000000176bc       0xf0 /usr/lib/arm-none-eabi/lib/libc.a(lib_a-memcpy.o)
                0x00000000000176bc                memcpy

.text.memset    0x00000000000177ac       0xf4
 .text.memset   0x00000000000177ac       0xf4 /usr/lib/arm-none-eabi/lib/libc.a(lib_a-memset.o)
                0x00000000000177ac                memset

.text.strncpy   0x00000000000178a0       0xe4
 .text.strncpy  0x00000000000178a0       0xe4 /usr/lib/arm-none-eabi/lib/libc.a(lib_a-strncpy.o)
                0x00000000000178a0                strncpy

.rel.dyn        0x0000000000017984        0x0
 .rel.iplt      0x0000000000017984        0x0 /home/woods/Documents/Bachelorthesis/ModeLevelTaskModel_RM/build/FreeRTOS/Source/portable/GCC/RaspberryPi/port.o

.data           0x0000000000017984    0x14534
 *(.data)
 .data          0x0000000000017984        0x0 /home/woods/Documents/Bachelorthesis/ModeLevelTaskModel_RM/build/FreeRTOS/Source/portable/GCC/RaspberryPi/port.o
 .data          0x0000000000017984        0x4 /home/woods/Documents/Bachelorthesis/ModeLevelTaskModel_RM/build/FreeRTOS/Source/portable/GCC/RaspberryPi/portisr.o
                0x0000000000017984                ulCriticalNesting
 .data          0x0000000000017988        0x0 /home/woods/Documents/Bachelorthesis/ModeLevelTaskModel_RM/build/FreeRTOS/Source/croutine.o
 .data          0x0000000000017988        0x0 /home/woods/Documents/Bachelorthesis/ModeLevelTaskModel_RM/build/FreeRTOS/Source/list.o
 .data          0x0000000000017988        0x0 /home/woods/Documents/Bachelorthesis/ModeLevelTaskModel_RM/build/FreeRTOS/Source/queue.o
 .data          0x0000000000017988        0x8 /home/woods/Documents/Bachelorthesis/ModeLevelTaskModel_RM/build/FreeRTOS/Source/tasks.o
 .data          0x0000000000017990        0x0 /home/woods/Documents/Bachelorthesis/ModeLevelTaskModel_RM/build/FreeRTOS/Source/binaryHeap.o
 .data          0x0000000000017990        0x0 /home/woods/Documents/Bachelorthesis/ModeLevelTaskModel_RM/build/FreeRTOS/Source/pairingHeap.o
 .data          0x0000000000017990        0x0 /home/woods/Documents/Bachelorthesis/ModeLevelTaskModel_RM/build/FreeRTOS/Source/dll.o
 .data          0x0000000000017990        0x0 /home/woods/Documents/Bachelorthesis/ModeLevelTaskModel_RM/build/Demo/Drivers/irq.o
 .data          0x0000000000017990        0x0 /home/woods/Documents/Bachelorthesis/ModeLevelTaskModel_RM/build/Demo/Drivers/gpio.o
 .data          0x0000000000017990        0x0 /home/woods/Documents/Bachelorthesis/ModeLevelTaskModel_RM/build/Demo/Drivers/uart.o
 .data          0x0000000000017990        0x0 /home/woods/Documents/Bachelorthesis/ModeLevelTaskModel_RM/build/Demo/Drivers/print_473.o
 .data          0x0000000000017990        0x4 /home/woods/Documents/Bachelorthesis/ModeLevelTaskModel_RM/build//FreeRTOS/Source/portable/MemMang/heap_4.o
 .data          0x0000000000017994        0x0 /home/woods/Documents/Bachelorthesis/ModeLevelTaskModel_RM/build/Demo/startup.o
 .data          0x0000000000017994    0x14524 /home/woods/Documents/Bachelorthesis/ModeLevelTaskModel_RM/build/Demo/main.o
                0x0000000000017994                w_s0_t_0
                0x00000000000179bc                w_s0_t_1
                0x00000000000179e4                w_s0_t_2
                0x00000000000179e8                w_s0_t_3
                0x00000000000179ec                w_s0_t_4
                0x00000000000179f0                w_s0_t_5
                0x0000000000017a18                w_s0_t_6
                0x0000000000017a1c                w_s0_t_7
                0x0000000000017a44                w_s0_t_8
                0x0000000000017a6c                w_s0_t_9
                0x0000000000017a70                w_s1_t_0
                0x0000000000017a98                w_s1_t_1
                0x0000000000017a9c                w_s1_t_2
                0x0000000000017ac4                w_s1_t_3
                0x0000000000017ac8                w_s1_t_4
                0x0000000000017acc                w_s1_t_5
                0x0000000000017ad0                w_s1_t_6
                0x0000000000017af8                w_s1_t_7
                0x0000000000017afc                w_s1_t_8
                0x0000000000017b24                w_s1_t_9
                0x0000000000017b4c                w_s2_t_0
                0x0000000000017b74                w_s2_t_1
                0x0000000000017b78                w_s2_t_2
                0x0000000000017b7c                w_s2_t_3
                0x0000000000017ba4                w_s2_t_4
                0x0000000000017ba8                w_s2_t_5
                0x0000000000017bd0                w_s2_t_6
                0x0000000000017bf8                w_s2_t_7
                0x0000000000017bfc                w_s2_t_8
                0x0000000000017c00                w_s2_t_9
                0x0000000000017c28                w_s3_t_0
                0x0000000000017c2c                w_s3_t_1
                0x0000000000017c54                w_s3_t_2
                0x0000000000017c7c                w_s3_t_3
                0x0000000000017c80                w_s3_t_4
                0x0000000000017ca8                w_s3_t_5
                0x0000000000017cac                w_s3_t_6
                0x0000000000017cd4                w_s3_t_7
                0x0000000000017cd8                w_s3_t_8
                0x0000000000017cdc                w_s3_t_9
                0x0000000000017d04                w_s4_t_0
                0x0000000000017d2c                w_s4_t_1
                0x0000000000017d30                w_s4_t_2
                0x0000000000017d34                w_s4_t_3
                0x0000000000017d38                w_s4_t_4
                0x0000000000017d60                w_s4_t_5
                0x0000000000017d88                w_s4_t_6
                0x0000000000017db0                w_s4_t_7
                0x0000000000017dd8                w_s4_t_8
                0x0000000000017ddc                w_s4_t_9
                0x0000000000017de0                w_s5_t_0
                0x0000000000017e08                w_s5_t_1
                0x0000000000017e0c                w_s5_t_2
                0x0000000000017e10                w_s5_t_3
                0x0000000000017e38                w_s5_t_4
                0x0000000000017e60                w_s5_t_5
                0x0000000000017e88                w_s5_t_6
                0x0000000000017eb0                w_s5_t_7
                0x0000000000017eb4                w_s5_t_8
                0x0000000000017eb8                w_s5_t_9
                0x0000000000017ebc                w_s6_t_0
                0x0000000000017ec0                w_s6_t_1
                0x0000000000017ec4                w_s6_t_2
                0x0000000000017ec8                w_s6_t_3
                0x0000000000017ef0                w_s6_t_4
                0x0000000000017f18                w_s6_t_5
                0x0000000000017f1c                w_s6_t_6
                0x0000000000017f44                w_s6_t_7
                0x0000000000017f6c                w_s6_t_8
                0x0000000000017f94                w_s6_t_9
                0x0000000000017f98                w_s7_t_0
                0x0000000000017fc0                w_s7_t_1
                0x0000000000017fc4                w_s7_t_2
                0x0000000000017fec                w_s7_t_3
                0x0000000000017ff0                w_s7_t_4
                0x0000000000017ff4                w_s7_t_5
                0x000000000001801c                w_s7_t_6
                0x0000000000018020                w_s7_t_7
                0x0000000000018024                w_s7_t_8
                0x000000000001804c                w_s7_t_9
                0x0000000000018074                w_s8_t_0
                0x000000000001809c                w_s8_t_1
                0x00000000000180a0                w_s8_t_2
                0x00000000000180a4                w_s8_t_3
                0x00000000000180cc                w_s8_t_4
                0x00000000000180f4                w_s8_t_5
                0x00000000000180f8                w_s8_t_6
                0x00000000000180fc                w_s8_t_7
                0x0000000000018124                w_s8_t_8
                0x0000000000018128                w_s8_t_9
                0x0000000000018150                w_s9_t_0
                0x0000000000018178                w_s9_t_1
                0x000000000001817c                w_s9_t_2
                0x00000000000181a4                w_s9_t_3
                0x00000000000181cc                w_s9_t_4
                0x00000000000181d0                w_s9_t_5
                0x00000000000181d4                w_s9_t_6
                0x00000000000181d8                w_s9_t_7
                0x0000000000018200                w_s9_t_8
                0x0000000000018204                w_s9_t_9
                0x000000000001822c                w_s10_t_0
                0x0000000000018254                w_s10_t_1
                0x000000000001827c                w_s10_t_2
                0x00000000000182a4                w_s10_t_3
                0x00000000000182a8                w_s10_t_4
                0x00000000000182ac                w_s10_t_5
                0x00000000000182d4                w_s10_t_6
                0x00000000000182d8                w_s10_t_7
                0x00000000000182dc                w_s10_t_8
                0x00000000000182e0                w_s10_t_9
                0x0000000000018308                w_s11_t_0
                0x000000000001830c                w_s11_t_1
                0x0000000000018334                w_s11_t_2
                0x0000000000018338                w_s11_t_3
                0x000000000001833c                w_s11_t_4
                0x0000000000018340                w_s11_t_5
                0x0000000000018368                w_s11_t_6
                0x0000000000018390                w_s11_t_7
                0x0000000000018394                w_s11_t_8
                0x00000000000183bc                w_s11_t_9
                0x00000000000183e4                w_s12_t_0
                0x00000000000183e8                w_s12_t_1
                0x00000000000183ec                w_s12_t_2
                0x0000000000018414                w_s12_t_3
                0x000000000001843c                w_s12_t_4
                0x0000000000018464                w_s12_t_5
                0x000000000001848c                w_s12_t_6
                0x0000000000018490                w_s12_t_7
                0x00000000000184b8                w_s12_t_8
                0x00000000000184bc                w_s12_t_9
                0x00000000000184c0                w_s13_t_0
                0x00000000000184e8                w_s13_t_1
                0x00000000000184ec                w_s13_t_2
                0x00000000000184f0                w_s13_t_3
                0x0000000000018518                w_s13_t_4
                0x0000000000018540                w_s13_t_5
                0x0000000000018568                w_s13_t_6
                0x000000000001856c                w_s13_t_7
                0x0000000000018594                w_s13_t_8
                0x0000000000018598                w_s13_t_9
                0x000000000001859c                w_s14_t_0
                0x00000000000185a0                w_s14_t_1
                0x00000000000185a4                w_s14_t_2
                0x00000000000185cc                w_s14_t_3
                0x00000000000185f4                w_s14_t_4
                0x00000000000185f8                w_s14_t_5
                0x00000000000185fc                w_s14_t_6
                0x0000000000018624                w_s14_t_7
                0x000000000001864c                w_s14_t_8
                0x0000000000018674                w_s14_t_9
                0x0000000000018678                w_s15_t_0
                0x000000000001867c                w_s15_t_1
                0x0000000000018680                w_s15_t_2
                0x00000000000186a8                w_s15_t_3
                0x00000000000186d0                w_s15_t_4
                0x00000000000186d4                w_s15_t_5
                0x00000000000186d8                w_s15_t_6
                0x0000000000018700                w_s15_t_7
                0x0000000000018704                w_s15_t_8
                0x000000000001872c                w_s15_t_9
                0x0000000000018754                w_s16_t_0
                0x0000000000018758                w_s16_t_1
                0x000000000001875c                w_s16_t_2
                0x0000000000018784                w_s16_t_3
                0x00000000000187ac                w_s16_t_4
                0x00000000000187d4                w_s16_t_5
                0x00000000000187d8                w_s16_t_6
                0x00000000000187dc                w_s16_t_7
                0x0000000000018804                w_s16_t_8
                0x000000000001882c                w_s16_t_9
                0x0000000000018830                w_s17_t_0
                0x0000000000018834                w_s17_t_1
                0x000000000001885c                w_s17_t_2
                0x0000000000018884                w_s17_t_3
                0x0000000000018888                w_s17_t_4
                0x00000000000188b0                w_s17_t_5
                0x00000000000188d8                w_s17_t_6
                0x0000000000018900                w_s17_t_7
                0x0000000000018904                w_s17_t_8
                0x0000000000018908                w_s17_t_9
                0x000000000001890c                w_s18_t_0
                0x0000000000018910                w_s18_t_1
                0x0000000000018938                w_s18_t_2
                0x000000000001893c                w_s18_t_3
                0x0000000000018964                w_s18_t_4
                0x0000000000018968                w_s18_t_5
                0x0000000000018990                w_s18_t_6
                0x00000000000189b8                w_s18_t_7
                0x00000000000189bc                w_s18_t_8
                0x00000000000189c0                w_s18_t_9
                0x00000000000189e8                w_s19_t_0
                0x0000000000018a10                w_s19_t_1
                0x0000000000018a38                w_s19_t_2
                0x0000000000018a60                w_s19_t_3
                0x0000000000018a64                w_s19_t_4
                0x0000000000018a8c                w_s19_t_5
                0x0000000000018a90                w_s19_t_6
                0x0000000000018a94                w_s19_t_7
                0x0000000000018abc                w_s19_t_8
                0x0000000000018ac0                w_s19_t_9
                0x0000000000018ac4                w_s20_t_0
                0x0000000000018ac8                w_s20_t_1
                0x0000000000018acc                w_s20_t_2
                0x0000000000018af4                w_s20_t_3
                0x0000000000018af8                w_s20_t_4
                0x0000000000018b20                w_s20_t_5
                0x0000000000018b48                w_s20_t_6
                0x0000000000018b70                w_s20_t_7
                0x0000000000018b74                w_s20_t_8
                0x0000000000018b78                w_s20_t_9
                0x0000000000018ba0                w_s21_t_0
                0x0000000000018bc8                w_s21_t_1
                0x0000000000018bf0                w_s21_t_2
                0x0000000000018bf4                w_s21_t_3
                0x0000000000018bf8                w_s21_t_4
                0x0000000000018bfc                w_s21_t_5
                0x0000000000018c24                w_s21_t_6
                0x0000000000018c28                w_s21_t_7
                0x0000000000018c50                w_s21_t_8
                0x0000000000018c78                w_s21_t_9
                0x0000000000018c7c                w_s22_t_0
                0x0000000000018c80                w_s22_t_1
                0x0000000000018c84                w_s22_t_2
                0x0000000000018cac                w_s22_t_3
                0x0000000000018cb0                w_s22_t_4
                0x0000000000018cb4                w_s22_t_5
                0x0000000000018cdc                w_s22_t_6
                0x0000000000018d04                w_s22_t_7
                0x0000000000018d08                w_s22_t_8
                0x0000000000018d30                w_s22_t_9
                0x0000000000018d58                w_s23_t_0
                0x0000000000018d5c                w_s23_t_1
                0x0000000000018d84                w_s23_t_2
                0x0000000000018d88                w_s23_t_3
                0x0000000000018db0                w_s23_t_4
                0x0000000000018dd8                w_s23_t_5
                0x0000000000018ddc                w_s23_t_6
                0x0000000000018de0                w_s23_t_7
                0x0000000000018e08                w_s23_t_8
                0x0000000000018e30                w_s23_t_9
                0x0000000000018e34                w_s24_t_0
                0x0000000000018e38                w_s24_t_1
                0x0000000000018e60                w_s24_t_2
                0x0000000000018e88                w_s24_t_3
                0x0000000000018e8c                w_s24_t_4
                0x0000000000018eb4                w_s24_t_5
                0x0000000000018eb8                w_s24_t_6
                0x0000000000018ee0                w_s24_t_7
                0x0000000000018ee4                w_s24_t_8
                0x0000000000018ee8                w_s24_t_9
                0x0000000000018f10                w_s25_t_0
                0x0000000000018f14                w_s25_t_1
                0x0000000000018f3c                w_s25_t_2
                0x0000000000018f64                w_s25_t_3
                0x0000000000018f68                w_s25_t_4
                0x0000000000018f6c                w_s25_t_5
                0x0000000000018f70                w_s25_t_6
                0x0000000000018f98                w_s25_t_7
                0x0000000000018f9c                w_s25_t_8
                0x0000000000018fc4                w_s25_t_9
                0x0000000000018fec                w_s26_t_0
                0x0000000000018ff0                w_s26_t_1
                0x0000000000018ff4                w_s26_t_2
                0x000000000001901c                w_s26_t_3
                0x0000000000019020                w_s26_t_4
                0x0000000000019048                w_s26_t_5
                0x0000000000019070                w_s26_t_6
                0x0000000000019074                w_s26_t_7
                0x0000000000019078                w_s26_t_8
                0x00000000000190a0                w_s26_t_9
                0x00000000000190c8                w_s27_t_0
                0x00000000000190f0                w_s27_t_1
                0x00000000000190f4                w_s27_t_2
                0x000000000001911c                w_s27_t_3
                0x0000000000019144                w_s27_t_4
                0x0000000000019148                w_s27_t_5
                0x000000000001914c                w_s27_t_6
                0x0000000000019150                w_s27_t_7
                0x0000000000019178                w_s27_t_8
                0x00000000000191a0                w_s27_t_9
                0x00000000000191a4                w_s28_t_0
                0x00000000000191cc                w_s28_t_1
                0x00000000000191d0                w_s28_t_2
                0x00000000000191f8                w_s28_t_3
                0x00000000000191fc                w_s28_t_4
                0x0000000000019224                w_s28_t_5
                0x0000000000019228                w_s28_t_6
                0x000000000001922c                w_s28_t_7
                0x0000000000019230                w_s28_t_8
                0x0000000000019258                w_s28_t_9
                0x0000000000019280                w_s29_t_0
                0x00000000000192a8                w_s29_t_1
                0x00000000000192ac                w_s29_t_2
                0x00000000000192d4                w_s29_t_3
                0x00000000000192fc                w_s29_t_4
                0x0000000000019300                w_s29_t_5
                0x0000000000019328                w_s29_t_6
                0x000000000001932c                w_s29_t_7
                0x0000000000019354                w_s29_t_8
                0x0000000000019358                w_s29_t_9
                0x000000000001935c                w_s30_t_0
                0x0000000000019360                w_s30_t_1
                0x0000000000019388                w_s30_t_2
                0x00000000000193b0                w_s30_t_3
                0x00000000000193d8                w_s30_t_4
                0x00000000000193dc                w_s30_t_5
                0x0000000000019404                w_s30_t_6
                0x0000000000019408                w_s30_t_7
                0x000000000001940c                w_s30_t_8
                0x0000000000019410                w_s30_t_9
                0x0000000000019438                w_s31_t_0
                0x0000000000019460                w_s31_t_1
                0x0000000000019464                w_s31_t_2
                0x000000000001948c                w_s31_t_3
                0x00000000000194b4                w_s31_t_4
                0x00000000000194b8                w_s31_t_5
                0x00000000000194bc                w_s31_t_6
                0x00000000000194e4                w_s31_t_7
                0x00000000000194e8                w_s31_t_8
                0x00000000000194ec                w_s31_t_9
                0x0000000000019514                w_s32_t_0
                0x000000000001953c                w_s32_t_1
                0x0000000000019564                w_s32_t_2
                0x0000000000019568                w_s32_t_3
                0x0000000000019590                w_s32_t_4
                0x0000000000019594                w_s32_t_5
                0x0000000000019598                w_s32_t_6
                0x00000000000195c0                w_s32_t_7
                0x00000000000195c4                w_s32_t_8
                0x00000000000195c8                w_s32_t_9
                0x00000000000195f0                w_s33_t_0
                0x0000000000019618                w_s33_t_1
                0x000000000001961c                w_s33_t_2
                0x0000000000019620                w_s33_t_3
                0x0000000000019624                w_s33_t_4
                0x000000000001964c                w_s33_t_5
                0x0000000000019674                w_s33_t_6
                0x0000000000019678                w_s33_t_7
                0x000000000001967c                w_s33_t_8
                0x00000000000196a4                w_s33_t_9
                0x00000000000196cc                w_s34_t_0
                0x00000000000196d0                w_s34_t_1
                0x00000000000196f8                w_s34_t_2
                0x00000000000196fc                w_s34_t_3
                0x0000000000019700                w_s34_t_4
                0x0000000000019728                w_s34_t_5
                0x0000000000019750                w_s34_t_6
                0x0000000000019778                w_s34_t_7
                0x00000000000197a0                w_s34_t_8
                0x00000000000197a4                w_s34_t_9
                0x00000000000197a8                w_s35_t_0
                0x00000000000197ac                w_s35_t_1
                0x00000000000197d4                w_s35_t_2
                0x00000000000197d8                w_s35_t_3
                0x0000000000019800                w_s35_t_4
                0x0000000000019804                w_s35_t_5
                0x000000000001982c                w_s35_t_6
                0x0000000000019854                w_s35_t_7
                0x000000000001987c                w_s35_t_8
                0x0000000000019880                w_s35_t_9
                0x0000000000019884                w_s36_t_0
                0x0000000000019888                w_s36_t_1
                0x000000000001988c                w_s36_t_2
                0x0000000000019890                w_s36_t_3
                0x0000000000019894                w_s36_t_4
                0x00000000000198bc                w_s36_t_5
                0x00000000000198e4                w_s36_t_6
                0x000000000001990c                w_s36_t_7
                0x0000000000019934                w_s36_t_8
                0x000000000001995c                w_s36_t_9
                0x0000000000019960                w_s37_t_0
                0x0000000000019964                w_s37_t_1
                0x000000000001998c                w_s37_t_2
                0x0000000000019990                w_s37_t_3
                0x00000000000199b8                w_s37_t_4
                0x00000000000199bc                w_s37_t_5
                0x00000000000199c0                w_s37_t_6
                0x00000000000199e8                w_s37_t_7
                0x0000000000019a10                w_s37_t_8
                0x0000000000019a38                w_s37_t_9
                0x0000000000019a3c                w_s38_t_0
                0x0000000000019a64                w_s38_t_1
                0x0000000000019a8c                w_s38_t_2
                0x0000000000019a90                w_s38_t_3
                0x0000000000019ab8                w_s38_t_4
                0x0000000000019ae0                w_s38_t_5
                0x0000000000019ae4                w_s38_t_6
                0x0000000000019b0c                w_s38_t_7
                0x0000000000019b10                w_s38_t_8
                0x0000000000019b14                w_s38_t_9
                0x0000000000019b18                w_s39_t_0
                0x0000000000019b1c                w_s39_t_1
                0x0000000000019b44                w_s39_t_2
                0x0000000000019b6c                w_s39_t_3
                0x0000000000019b94                w_s39_t_4
                0x0000000000019b98                w_s39_t_5
                0x0000000000019b9c                w_s39_t_6
                0x0000000000019ba0                w_s39_t_7
                0x0000000000019bc8                w_s39_t_8
                0x0000000000019bf0                w_s39_t_9
                0x0000000000019bf4                w_s40_t_0
                0x0000000000019bf8                w_s40_t_1
                0x0000000000019bfc                w_s40_t_2
                0x0000000000019c00                w_s40_t_3
                0x0000000000019c28                w_s40_t_4
                0x0000000000019c2c                w_s40_t_5
                0x0000000000019c54                w_s40_t_6
                0x0000000000019c7c                w_s40_t_7
                0x0000000000019c80                w_s40_t_8
                0x0000000000019ca8                w_s40_t_9
                0x0000000000019cd0                w_s41_t_0
                0x0000000000019cd4                w_s41_t_1
                0x0000000000019cd8                w_s41_t_2
                0x0000000000019d00                w_s41_t_3
                0x0000000000019d28                w_s41_t_4
                0x0000000000019d50                w_s41_t_5
                0x0000000000019d54                w_s41_t_6
                0x0000000000019d58                w_s41_t_7
                0x0000000000019d80                w_s41_t_8
                0x0000000000019d84                w_s41_t_9
                0x0000000000019dac                w_s42_t_0
                0x0000000000019db0                w_s42_t_1
                0x0000000000019dd8                w_s42_t_2
                0x0000000000019ddc                w_s42_t_3
                0x0000000000019e04                w_s42_t_4
                0x0000000000019e08                w_s42_t_5
                0x0000000000019e30                w_s42_t_6
                0x0000000000019e58                w_s42_t_7
                0x0000000000019e5c                w_s42_t_8
                0x0000000000019e60                w_s42_t_9
                0x0000000000019e88                w_s43_t_0
                0x0000000000019e8c                w_s43_t_1
                0x0000000000019eb4                w_s43_t_2
                0x0000000000019eb8                w_s43_t_3
                0x0000000000019ebc                w_s43_t_4
                0x0000000000019ee4                w_s43_t_5
                0x0000000000019ee8                w_s43_t_6
                0x0000000000019f10                w_s43_t_7
                0x0000000000019f38                w_s43_t_8
                0x0000000000019f60                w_s43_t_9
                0x0000000000019f64                w_s44_t_0
                0x0000000000019f68                w_s44_t_1
                0x0000000000019f6c                w_s44_t_2
                0x0000000000019f94                w_s44_t_3
                0x0000000000019f98                w_s44_t_4
                0x0000000000019fc0                w_s44_t_5
                0x0000000000019fe8                w_s44_t_6
                0x0000000000019fec                w_s44_t_7
                0x000000000001a014                w_s44_t_8
                0x000000000001a018                w_s44_t_9
                0x000000000001a040                w_s45_t_0
                0x000000000001a068                w_s45_t_1
                0x000000000001a090                w_s45_t_2
                0x000000000001a094                w_s45_t_3
                0x000000000001a098                w_s45_t_4
                0x000000000001a09c                w_s45_t_5
                0x000000000001a0c4                w_s45_t_6
                0x000000000001a0c8                w_s45_t_7
                0x000000000001a0f0                w_s45_t_8
                0x000000000001a0f4                w_s45_t_9
                0x000000000001a11c                w_s46_t_0
                0x000000000001a120                w_s46_t_1
                0x000000000001a148                w_s46_t_2
                0x000000000001a14c                w_s46_t_3
                0x000000000001a174                w_s46_t_4
                0x000000000001a19c                w_s46_t_5
                0x000000000001a1c4                w_s46_t_6
                0x000000000001a1c8                w_s46_t_7
                0x000000000001a1cc                w_s46_t_8
                0x000000000001a1f4                w_s46_t_9
                0x000000000001a1f8                w_s47_t_0
                0x000000000001a1fc                w_s47_t_1
                0x000000000001a200                w_s47_t_2
                0x000000000001a228                w_s47_t_3
                0x000000000001a22c                w_s47_t_4
                0x000000000001a254                w_s47_t_5
                0x000000000001a27c                w_s47_t_6
                0x000000000001a280                w_s47_t_7
                0x000000000001a2a8                w_s47_t_8
                0x000000000001a2ac                w_s47_t_9
                0x000000000001a2d4                w_s48_t_0
                0x000000000001a2d8                w_s48_t_1
                0x000000000001a2dc                w_s48_t_2
                0x000000000001a304                w_s48_t_3
                0x000000000001a32c                w_s48_t_4
                0x000000000001a354                w_s48_t_5
                0x000000000001a358                w_s48_t_6
                0x000000000001a380                w_s48_t_7
                0x000000000001a384                w_s48_t_8
                0x000000000001a388                w_s48_t_9
                0x000000000001a3b0                w_s49_t_0
                0x000000000001a3d8                w_s49_t_1
                0x000000000001a3dc                w_s49_t_2
                0x000000000001a3e0                w_s49_t_3
                0x000000000001a408                w_s49_t_4
                0x000000000001a40c                w_s49_t_5
                0x000000000001a434                w_s49_t_6
                0x000000000001a438                w_s49_t_7
                0x000000000001a460                w_s49_t_8
                0x000000000001a464                w_s49_t_9
                0x000000000001a48c                w_s50_t_0
                0x000000000001a4b4                w_s50_t_1
                0x000000000001a4dc                w_s50_t_2
                0x000000000001a504                w_s50_t_3
                0x000000000001a508                w_s50_t_4
                0x000000000001a50c                w_s50_t_5
                0x000000000001a510                w_s50_t_6
                0x000000000001a514                w_s50_t_7
                0x000000000001a53c                w_s50_t_8
                0x000000000001a540                w_s50_t_9
                0x000000000001a568                w_s51_t_0
                0x000000000001a56c                w_s51_t_1
                0x000000000001a570                w_s51_t_2
                0x000000000001a598                w_s51_t_3
                0x000000000001a59c                w_s51_t_4
                0x000000000001a5c4                w_s51_t_5
                0x000000000001a5ec                w_s51_t_6
                0x000000000001a614                w_s51_t_7
                0x000000000001a618                w_s51_t_8
                0x000000000001a61c                w_s51_t_9
                0x000000000001a644                w_s52_t_0
                0x000000000001a66c                w_s52_t_1
                0x000000000001a694                w_s52_t_2
                0x000000000001a698                w_s52_t_3
                0x000000000001a6c0                w_s52_t_4
                0x000000000001a6e8                w_s52_t_5
                0x000000000001a6ec                w_s52_t_6
                0x000000000001a6f0                w_s52_t_7
                0x000000000001a6f4                w_s52_t_9
                0x000000000001a71c                w_s53_t_0
                0x000000000001a720                w_s53_t_1
                0x000000000001a724                w_s53_t_2
                0x000000000001a74c                w_s53_t_3
                0x000000000001a750                w_s53_t_4
                0x000000000001a754                w_s53_t_5
                0x000000000001a77c                w_s53_t_6
                0x000000000001a7a4                w_s53_t_7
                0x000000000001a7cc                w_s53_t_8
                0x000000000001a7d0                w_s53_t_9
                0x000000000001a7f8                w_s54_t_0
                0x000000000001a820                w_s54_t_1
                0x000000000001a848                w_s54_t_2
                0x000000000001a84c                w_s54_t_3
                0x000000000001a850                w_s54_t_4
                0x000000000001a854                w_s54_t_5
                0x000000000001a87c                w_s54_t_6
                0x000000000001a880                w_s54_t_7
                0x000000000001a8a8                w_s54_t_8
                0x000000000001a8d0                w_s54_t_9
                0x000000000001a8d4                w_s55_t_0
                0x000000000001a8d8                w_s55_t_1
                0x000000000001a8dc                w_s55_t_2
                0x000000000001a904                w_s55_t_3
                0x000000000001a908                w_s55_t_4
                0x000000000001a930                w_s55_t_5
                0x000000000001a958                w_s55_t_6
                0x000000000001a980                w_s55_t_7
                0x000000000001a9a8                w_s55_t_8
                0x000000000001a9ac                w_s55_t_9
                0x000000000001a9b0                w_s56_t_0
                0x000000000001a9b4                w_s56_t_1
                0x000000000001a9b8                w_s56_t_2
                0x000000000001a9bc                w_s56_t_3
                0x000000000001a9c0                w_s56_t_4
                0x000000000001a9e8                w_s56_t_5
                0x000000000001aa10                w_s56_t_6
                0x000000000001aa38                w_s56_t_7
                0x000000000001aa60                w_s56_t_8
                0x000000000001aa64                w_s56_t_9
                0x000000000001aa8c                w_s57_t_0
                0x000000000001aa90                w_s57_t_1
                0x000000000001aa94                w_s57_t_2
                0x000000000001aabc                w_s57_t_3
                0x000000000001aac0                w_s57_t_4
                0x000000000001aae8                w_s57_t_5
                0x000000000001aaec                w_s57_t_6
                0x000000000001aaf0                w_s57_t_7
                0x000000000001ab18                w_s57_t_8
                0x000000000001ab40                w_s57_t_9
                0x000000000001ab68                w_s58_t_0
                0x000000000001ab90                w_s58_t_1
                0x000000000001abb8                w_s58_t_2
                0x000000000001abe0                w_s58_t_3
                0x000000000001ac08                w_s58_t_4
                0x000000000001ac0c                w_s58_t_5
                0x000000000001ac34                w_s58_t_6
                0x000000000001ac38                w_s58_t_7
                0x000000000001ac3c                w_s58_t_8
                0x000000000001ac40                w_s58_t_9
                0x000000000001ac44                w_s59_t_0
                0x000000000001ac48                w_s59_t_1
                0x000000000001ac4c                w_s59_t_2
                0x000000000001ac74                w_s59_t_3
                0x000000000001ac78                w_s59_t_4
                0x000000000001aca0                w_s59_t_5
                0x000000000001acc8                w_s59_t_6
                0x000000000001acf0                w_s59_t_7
                0x000000000001acf4                w_s59_t_8
                0x000000000001ad1c                w_s59_t_9
                0x000000000001ad20                w_s60_t_0
                0x000000000001ad24                w_s60_t_1
                0x000000000001ad4c                w_s60_t_2
                0x000000000001ad74                w_s60_t_3
                0x000000000001ad78                w_s60_t_4
                0x000000000001ada0                w_s60_t_5
                0x000000000001ada4                w_s60_t_6
                0x000000000001adcc                w_s60_t_7
                0x000000000001add0                w_s60_t_8
                0x000000000001adf8                w_s60_t_9
                0x000000000001adfc                w_s61_t_0
                0x000000000001ae24                w_s61_t_1
                0x000000000001ae28                w_s61_t_2
                0x000000000001ae2c                w_s61_t_3
                0x000000000001ae30                w_s61_t_4
                0x000000000001ae58                w_s61_t_5
                0x000000000001ae5c                w_s61_t_6
                0x000000000001ae84                w_s61_t_7
                0x000000000001aeac                w_s61_t_8
                0x000000000001aed4                w_s61_t_9
                0x000000000001aed8                w_s62_t_0
                0x000000000001af00                w_s62_t_1
                0x000000000001af04                w_s62_t_2
                0x000000000001af2c                w_s62_t_3
                0x000000000001af54                w_s62_t_4
                0x000000000001af58                w_s62_t_5
                0x000000000001af5c                w_s62_t_6
                0x000000000001af60                w_s62_t_7
                0x000000000001af88                w_s62_t_8
                0x000000000001af8c                w_s62_t_9
                0x000000000001afb4                w_s63_t_0
                0x000000000001afb8                w_s63_t_1
                0x000000000001afbc                w_s63_t_2
                0x000000000001afe4                w_s63_t_3
                0x000000000001afe8                w_s63_t_4
                0x000000000001b010                w_s63_t_5
                0x000000000001b038                w_s63_t_6
                0x000000000001b060                w_s63_t_7
                0x000000000001b064                w_s63_t_8
                0x000000000001b068                w_s63_t_9
                0x000000000001b090                w_s64_t_0
                0x000000000001b094                w_s64_t_1
                0x000000000001b098                w_s64_t_2
                0x000000000001b0c0                w_s64_t_3
                0x000000000001b0c4                w_s64_t_4
                0x000000000001b0ec                w_s64_t_5
                0x000000000001b114                w_s64_t_6
                0x000000000001b13c                w_s64_t_7
                0x000000000001b140                w_s64_t_8
                0x000000000001b168                w_s64_t_9
                0x000000000001b16c                w_s65_t_0
                0x000000000001b170                w_s65_t_1
                0x000000000001b174                w_s65_t_2
                0x000000000001b178                w_s65_t_3
                0x000000000001b1a0                w_s65_t_4
                0x000000000001b1a4                w_s65_t_5
                0x000000000001b1cc                w_s65_t_6
                0x000000000001b1f4                w_s65_t_7
                0x000000000001b1f8                w_s65_t_8
                0x000000000001b220                w_s65_t_9
                0x000000000001b248                w_s66_t_0
                0x000000000001b270                w_s66_t_1
                0x000000000001b298                w_s66_t_2
                0x000000000001b29c                w_s66_t_3
                0x000000000001b2a0                w_s66_t_4
                0x000000000001b2a4                w_s66_t_5
                0x000000000001b2cc                w_s66_t_6
                0x000000000001b2f4                w_s66_t_7
                0x000000000001b2f8                w_s66_t_8
                0x000000000001b320                w_s66_t_9
                0x000000000001b324                w_s67_t_0
                0x000000000001b328                w_s67_t_1
                0x000000000001b350                w_s67_t_2
                0x000000000001b354                w_s67_t_3
                0x000000000001b37c                w_s67_t_4
                0x000000000001b3a4                w_s67_t_5
                0x000000000001b3a8                w_s67_t_6
                0x000000000001b3ac                w_s67_t_7
                0x000000000001b3d4                w_s67_t_8
                0x000000000001b3d8                w_s67_t_9
                0x000000000001b400                w_s68_t_0
                0x000000000001b428                w_s68_t_1
                0x000000000001b450                w_s68_t_2
                0x000000000001b454                w_s68_t_3
                0x000000000001b47c                w_s68_t_4
                0x000000000001b480                w_s68_t_5
                0x000000000001b484                w_s68_t_6
                0x000000000001b4ac                w_s68_t_7
                0x000000000001b4b0                w_s68_t_8
                0x000000000001b4b4                w_s68_t_9
                0x000000000001b4dc                w_s69_t_0
                0x000000000001b504                w_s69_t_1
                0x000000000001b508                w_s69_t_2
                0x000000000001b530                w_s69_t_3
                0x000000000001b534                w_s69_t_4
                0x000000000001b55c                w_s69_t_5
                0x000000000001b560                w_s69_t_6
                0x000000000001b588                w_s69_t_7
                0x000000000001b58c                w_s69_t_8
                0x000000000001b5b4                w_s69_t_9
                0x000000000001b5b8                w_s70_t_0
                0x000000000001b5bc                w_s70_t_1
                0x000000000001b5c0                w_s70_t_2
                0x000000000001b5c4                w_s70_t_3
                0x000000000001b5ec                w_s70_t_4
                0x000000000001b614                w_s70_t_5
                0x000000000001b618                w_s70_t_6
                0x000000000001b640                w_s70_t_7
                0x000000000001b668                w_s70_t_8
                0x000000000001b690                w_s70_t_9
                0x000000000001b694                w_s71_t_0
                0x000000000001b698                w_s71_t_1
                0x000000000001b6c0                w_s71_t_2
                0x000000000001b6e8                w_s71_t_3
                0x000000000001b6ec                w_s71_t_4
                0x000000000001b6f0                w_s71_t_5
                0x000000000001b6f4                w_s71_t_6
                0x000000000001b71c                w_s71_t_7
                0x000000000001b744                w_s71_t_8
                0x000000000001b76c                w_s71_t_9
                0x000000000001b770                w_s72_t_0
                0x000000000001b798                w_s72_t_1
                0x000000000001b7c0                w_s72_t_2
                0x000000000001b7c4                w_s72_t_3
                0x000000000001b7c8                w_s72_t_4
                0x000000000001b7cc                w_s72_t_5
                0x000000000001b7f4                w_s72_t_6
                0x000000000001b7f8                w_s72_t_7
                0x000000000001b820                w_s72_t_8
                0x000000000001b824                w_s72_t_9
                0x000000000001b84c                w_s73_t_0
                0x000000000001b850                w_s73_t_1
                0x000000000001b854                w_s73_t_2
                0x000000000001b858                w_s73_t_3
                0x000000000001b85c                w_s73_t_4
                0x000000000001b860                w_s73_t_5
                0x000000000001b888                w_s73_t_6
                0x000000000001b8b0                w_s73_t_7
                0x000000000001b8d8                w_s73_t_8
                0x000000000001b900                w_s73_t_9
                0x000000000001b928                w_s74_t_0
                0x000000000001b92c                w_s74_t_1
                0x000000000001b930                w_s74_t_2
                0x000000000001b958                w_s74_t_3
                0x000000000001b95c                w_s74_t_4
                0x000000000001b984                w_s74_t_5
                0x000000000001b9ac                w_s74_t_6
                0x000000000001b9d4                w_s74_t_7
                0x000000000001b9d8                w_s74_t_8
                0x000000000001b9dc                w_s74_t_9
                0x000000000001ba04                w_s75_t_0
                0x000000000001ba08                w_s75_t_1
                0x000000000001ba0c                w_s75_t_2
                0x000000000001ba10                w_s75_t_3
                0x000000000001ba14                w_s75_t_4
                0x000000000001ba3c                w_s75_t_5
                0x000000000001ba40                w_s75_t_6
                0x000000000001ba68                w_s75_t_7
                0x000000000001ba90                w_s75_t_8
                0x000000000001bab8                w_s75_t_9
                0x000000000001bae0                w_s76_t_0
                0x000000000001bae4                w_s76_t_1
                0x000000000001bb0c                w_s76_t_2
                0x000000000001bb34                w_s76_t_3
                0x000000000001bb5c                w_s76_t_4
                0x000000000001bb60                w_s76_t_5
                0x000000000001bb88                w_s76_t_6
                0x000000000001bbb0                w_s76_t_7
                0x000000000001bbb4                w_s76_t_8
                0x000000000001bbb8                w_s76_t_9
                0x000000000001bbbc                w_s77_t_0
                0x000000000001bbc0                w_s77_t_1
                0x000000000001bbe8                w_s77_t_2
                0x000000000001bbec                w_s77_t_3
                0x000000000001bbf0                w_s77_t_4
                0x000000000001bbf4                w_s77_t_5
                0x000000000001bc1c                w_s77_t_6
                0x000000000001bc44                w_s77_t_7
                0x000000000001bc6c                w_s77_t_8
                0x000000000001bc70                w_s77_t_9
                0x000000000001bc98                w_s78_t_0
                0x000000000001bc9c                w_s78_t_1
                0x000000000001bcc4                w_s78_t_2
                0x000000000001bcec                w_s78_t_3
                0x000000000001bcf0                w_s78_t_4
                0x000000000001bd18                w_s78_t_5
                0x000000000001bd1c                w_s78_t_6
                0x000000000001bd20                w_s78_t_7
                0x000000000001bd48                w_s78_t_8
                0x000000000001bd70                w_s78_t_9
                0x000000000001bd74                w_s79_t_0
                0x000000000001bd78                w_s79_t_1
                0x000000000001bd7c                w_s79_t_2
                0x000000000001bda4                w_s79_t_3
                0x000000000001bda8                w_s79_t_4
                0x000000000001bdd0                w_s79_t_5
                0x000000000001bdf8                w_s79_t_6
                0x000000000001be20                w_s79_t_7
                0x000000000001be24                w_s79_t_8
                0x000000000001be28                w_s79_t_9
                0x000000000001be50                w_s80_t_0
                0x000000000001be78                w_s80_t_1
                0x000000000001be7c                w_s80_t_2
                0x000000000001bea4                w_s80_t_3
                0x000000000001bea8                w_s80_t_4
                0x000000000001bed0                w_s80_t_5
                0x000000000001bef8                w_s80_t_6
                0x000000000001befc                w_s80_t_7
                0x000000000001bf00                w_s80_t_8
                0x000000000001bf04                w_s80_t_9
                0x000000000001bf2c                w_s81_t_0
                0x000000000001bf30                w_s81_t_1
                0x000000000001bf58                w_s81_t_2
                0x000000000001bf80                w_s81_t_3
                0x000000000001bf84                w_s81_t_4
                0x000000000001bfac                w_s81_t_5
                0x000000000001bfb0                w_s81_t_6
                0x000000000001bfd8                w_s81_t_7
                0x000000000001bfdc                w_s81_t_8
                0x000000000001bfe0                w_s81_t_9
                0x000000000001c008                w_s82_t_0
                0x000000000001c00c                w_s82_t_1
                0x000000000001c034                w_s82_t_2
                0x000000000001c05c                w_s82_t_3
                0x000000000001c060                w_s82_t_4
                0x000000000001c064                w_s82_t_5
                0x000000000001c068                w_s82_t_6
                0x000000000001c090                w_s82_t_7
                0x000000000001c0b8                w_s82_t_8
                0x000000000001c0e0                w_s82_t_9
                0x000000000001c0e4                w_s83_t_0
                0x000000000001c10c                w_s83_t_1
                0x000000000001c110                w_s83_t_2
                0x000000000001c138                w_s83_t_3
                0x000000000001c13c                w_s83_t_4
                0x000000000001c140                w_s83_t_5
                0x000000000001c144                w_s83_t_6
                0x000000000001c16c                w_s83_t_7
                0x000000000001c194                w_s83_t_8
                0x000000000001c198                w_s83_t_9
                0x000000000001c1c0                w_s84_t_0
                0x000000000001c1e8                w_s84_t_1
                0x000000000001c210                w_s84_t_2
                0x000000000001c238                w_s84_t_3
                0x000000000001c23c                w_s84_t_4
                0x000000000001c240                w_s84_t_5
                0x000000000001c244                w_s84_t_6
                0x000000000001c248                w_s84_t_7
                0x000000000001c24c                w_s84_t_8
                0x000000000001c274                w_s84_t_9
                0x000000000001c29c                w_s85_t_0
                0x000000000001c2c4                w_s85_t_1
                0x000000000001c2ec                w_s85_t_2
                0x000000000001c2f0                w_s85_t_3
                0x000000000001c2f4                w_s85_t_4
                0x000000000001c31c                w_s85_t_5
                0x000000000001c344                w_s85_t_6
                0x000000000001c348                w_s85_t_7
                0x000000000001c370                w_s85_t_8
                0x000000000001c374                w_s85_t_9
                0x000000000001c378                w_s86_t_0
                0x000000000001c37c                w_s86_t_1
                0x000000000001c3a4                w_s86_t_2
                0x000000000001c3a8                w_s86_t_3
                0x000000000001c3ac                w_s86_t_4
                0x000000000001c3d4                w_s86_t_5
                0x000000000001c3fc                w_s86_t_6
                0x000000000001c424                w_s86_t_7
                0x000000000001c44c                w_s86_t_8
                0x000000000001c450                w_s86_t_9
                0x000000000001c454                w_s87_t_0
                0x000000000001c47c                w_s87_t_1
                0x000000000001c480                w_s87_t_2
                0x000000000001c4a8                w_s87_t_3
                0x000000000001c4ac                w_s87_t_4
                0x000000000001c4b0                w_s87_t_5
                0x000000000001c4b4                w_s87_t_6
                0x000000000001c4b8                w_s87_t_7
                0x000000000001c4e0                w_s87_t_8
                0x000000000001c508                w_s87_t_9
                0x000000000001c530                w_s88_t_0
                0x000000000001c534                w_s88_t_1
                0x000000000001c55c                w_s88_t_2
                0x000000000001c584                w_s88_t_3
                0x000000000001c588                w_s88_t_4
                0x000000000001c5b0                w_s88_t_5
                0x000000000001c5d8                w_s88_t_6
                0x000000000001c5dc                w_s88_t_7
                0x000000000001c5e0                w_s88_t_8
                0x000000000001c5e4                w_s88_t_9
                0x000000000001c60c                w_s89_t_0
                0x000000000001c610                w_s89_t_1
                0x000000000001c638                w_s89_t_2
                0x000000000001c660                w_s89_t_3
                0x000000000001c664                w_s89_t_4
                0x000000000001c68c                w_s89_t_5
                0x000000000001c690                w_s89_t_6
                0x000000000001c694                w_s89_t_7
                0x000000000001c6bc                w_s89_t_8
                0x000000000001c6c0                w_s89_t_9
                0x000000000001c6e8                w_s90_t_0
                0x000000000001c6ec                w_s90_t_1
                0x000000000001c714                w_s90_t_2
                0x000000000001c718                w_s90_t_3
                0x000000000001c71c                w_s90_t_4
                0x000000000001c744                w_s90_t_5
                0x000000000001c748                w_s90_t_6
                0x000000000001c770                w_s90_t_7
                0x000000000001c774                w_s90_t_8
                0x000000000001c79c                w_s90_t_9
                0x000000000001c7c4                w_s91_t_0
                0x000000000001c7c8                w_s91_t_1
                0x000000000001c7f0                w_s91_t_2
                0x000000000001c818                w_s91_t_3
                0x000000000001c840                w_s91_t_4
                0x000000000001c844                w_s91_t_5
                0x000000000001c848                w_s91_t_6
                0x000000000001c84c                w_s91_t_7
                0x000000000001c850                w_s91_t_8
                0x000000000001c878                w_s91_t_9
                0x000000000001c8a0                w_s92_t_0
                0x000000000001c8c8                w_s92_t_1
                0x000000000001c8cc                w_s92_t_2
                0x000000000001c8f4                w_s92_t_3
                0x000000000001c91c                w_s92_t_4
                0x000000000001c920                w_s92_t_5
                0x000000000001c948                w_s92_t_6
                0x000000000001c94c                w_s92_t_7
                0x000000000001c974                w_s92_t_8
                0x000000000001c978                w_s92_t_9
                0x000000000001c97c                w_s93_t_0
                0x000000000001c9a4                w_s93_t_1
                0x000000000001c9cc                w_s93_t_2
                0x000000000001c9f4                w_s93_t_3
                0x000000000001c9f8                w_s93_t_4
                0x000000000001c9fc                w_s93_t_5
                0x000000000001ca24                w_s93_t_6
                0x000000000001ca4c                w_s93_t_7
                0x000000000001ca50                w_s93_t_8
                0x000000000001ca54                w_s93_t_9
                0x000000000001ca58                w_s94_t_0
                0x000000000001ca5c                w_s94_t_1
                0x000000000001ca84                w_s94_t_2
                0x000000000001caac                w_s94_t_3
                0x000000000001cab0                w_s94_t_4
                0x000000000001cad8                w_s94_t_5
                0x000000000001cb00                w_s94_t_6
                0x000000000001cb04                w_s94_t_7
                0x000000000001cb08                w_s94_t_8
                0x000000000001cb0c                w_s94_t_9
                0x000000000001cb34                w_s95_t_0
                0x000000000001cb5c                w_s95_t_1
                0x000000000001cb60                w_s95_t_2
                0x000000000001cb64                w_s95_t_3
                0x000000000001cb68                w_s95_t_4
                0x000000000001cb90                w_s95_t_5
                0x000000000001cb94                w_s95_t_6
                0x000000000001cbbc                w_s95_t_7
                0x000000000001cbc0                w_s95_t_8
                0x000000000001cbe8                w_s95_t_9
[...]
 .debug_abbrev  0x0000000000001220       0x14 /usr/lib/gcc/arm-none-eabi/4.9.3/libgcc.a(_arm_addsubdf3.o)
 .debug_abbrev  0x0000000000001234       0x14 /usr/lib/gcc/arm-none-eabi/4.9.3/libgcc.a(_arm_muldivdf3.o)
 .debug_abbrev  0x0000000000001248       0x14 /usr/lib/gcc/arm-none-eabi/4.9.3/libgcc.a(_arm_fixunsdfsi.o)
 .debug_abbrev  0x000000000000125c       0xab /usr/lib/arm-none-eabi/lib/libc.a(lib_a-memcpy.o)
 .debug_abbrev  0x0000000000001307       0x9f /usr/lib/arm-none-eabi/lib/libc.a(lib_a-memset.o)
 .debug_abbrev  0x00000000000013a6       0x9f /usr/lib/arm-none-eabi/lib/libc.a(lib_a-strncpy.o)

.debug_aranges  0x0000000000000000      0x2e0
 .debug_aranges
                0x0000000000000000       0x20 /home/woods/Documents/Bachelorthesis/ModeLevelTaskModel_RM/build/FreeRTOS/Source/portable/GCC/RaspberryPi/port.o
 .debug_aranges
                0x0000000000000020       0x20 /home/woods/Documents/Bachelorthesis/ModeLevelTaskModel_RM/build/FreeRTOS/Source/portable/GCC/RaspberryPi/portisr.o
 .debug_aranges
                0x0000000000000040       0x20 /home/woods/Documents/Bachelorthesis/ModeLevelTaskModel_RM/build/FreeRTOS/Source/croutine.o
 .debug_aranges
                0x0000000000000060       0x20 /home/woods/Documents/Bachelorthesis/ModeLevelTaskModel_RM/build/FreeRTOS/Source/list.o
 .debug_aranges
                0x0000000000000080       0x20 /home/woods/Documents/Bachelorthesis/ModeLevelTaskModel_RM/build/FreeRTOS/Source/queue.o
 .debug_aranges
                0x00000000000000a0       0x20 /home/woods/Documents/Bachelorthesis/ModeLevelTaskModel_RM/build/FreeRTOS/Source/tasks.o
 .debug_aranges
                0x00000000000000c0       0x20 /home/woods/Documents/Bachelorthesis/ModeLevelTaskModel_RM/build/FreeRTOS/Source/binaryHeap.o
 .debug_aranges
                0x00000000000000e0       0x20 /home/woods/Documents/Bachelorthesis/ModeLevelTaskModel_RM/build/FreeRTOS/Source/pairingHeap.o
 .debug_aranges
                0x0000000000000100       0x20 /home/woods/Documents/Bachelorthesis/ModeLevelTaskModel_RM/build/FreeRTOS/Source/dll.o
 .debug_aranges
                0x0000000000000120       0x20 /home/woods/Documents/Bachelorthesis/ModeLevelTaskModel_RM/build/Demo/Drivers/irq.o
 .debug_aranges
                0x0000000000000140       0x20 /home/woods/Documents/Bachelorthesis/ModeLevelTaskModel_RM/build/Demo/Drivers/gpio.o
 .debug_aranges
                0x0000000000000160       0x20 /home/woods/Documents/Bachelorthesis/ModeLevelTaskModel_RM/build/Demo/Drivers/uart.o
 .debug_aranges
                0x0000000000000180       0x20 /home/woods/Documents/Bachelorthesis/ModeLevelTaskModel_RM/build/Demo/Drivers/print_473.o
 .debug_aranges
                0x00000000000001a0       0x20 /home/woods/Documents/Bachelorthesis/ModeLevelTaskModel_RM/build//FreeRTOS/Source/portable/MemMang/heap_4.o
 .debug_aranges
                0x00000000000001c0       0x20 /home/woods/Documents/Bachelorthesis/ModeLevelTaskModel_RM/build/Demo/main.o
 .debug_aranges
                0x00000000000001e0       0x20 /usr/lib/gcc/arm-none-eabi/4.9.3/libgcc.a(_udivsi3.o)
 .debug_aranges
                0x0000000000000200       0x20 /usr/lib/gcc/arm-none-eabi/4.9.3/libgcc.a(_dvmd_tls.o)
 .debug_aranges
                0x0000000000000220       0x20 /usr/lib/gcc/arm-none-eabi/4.9.3/libgcc.a(_arm_addsubdf3.o)
 .debug_aranges
                0x0000000000000240       0x20 /usr/lib/gcc/arm-none-eabi/4.9.3/libgcc.a(_arm_muldivdf3.o)
 .debug_aranges
                0x0000000000000260       0x20 /usr/lib/gcc/arm-none-eabi/4.9.3/libgcc.a(_arm_fixunsdfsi.o)
 .debug_aranges
                0x0000000000000280       0x20 /usr/lib/arm-none-eabi/lib/libc.a(lib_a-memcpy.o)
 .debug_aranges
                0x00000000000002a0       0x20 /usr/lib/arm-none-eabi/lib/libc.a(lib_a-memset.o)
 .debug_aranges
                0x00000000000002c0       0x20 /usr/lib/arm-none-eabi/lib/libc.a(lib_a-strncpy.o)

.debug_line     0x0000000000000000     0x2141
 .debug_line    0x0000000000000000      0x15a /home/woods/Documents/Bachelorthesis/ModeLevelTaskModel_RM/build/FreeRTOS/Source/portable/GCC/RaspberryPi/port.o
 .debug_line    0x000000000000015a       0xd1 /home/woods/Documents/Bachelorthesis/ModeLevelTaskModel_RM/build/FreeRTOS/Source/portable/GCC/RaspberryPi/portisr.o
 .debug_line    0x000000000000022b      0x226 /home/woods/Documents/Bachelorthesis/ModeLevelTaskModel_RM/build/FreeRTOS/Source/croutine.o
 .debug_line    0x0000000000000451      0x18a /home/woods/Documents/Bachelorthesis/ModeLevelTaskModel_RM/build/FreeRTOS/Source/list.o
 .debug_line    0x00000000000005db      0x2cb /home/woods/Documents/Bachelorthesis/ModeLevelTaskModel_RM/build/FreeRTOS/Source/queue.o
 .debug_line    0x00000000000008a6      0x715 /home/woods/Documents/Bachelorthesis/ModeLevelTaskModel_RM/build/FreeRTOS/Source/tasks.o
 .debug_line    0x0000000000000fbb       0xd9 /home/woods/Documents/Bachelorthesis/ModeLevelTaskModel_RM/build/FreeRTOS/Source/binaryHeap.o
 .debug_line    0x0000000000001094      0x120 /home/woods/Documents/Bachelorthesis/ModeLevelTaskModel_RM/build/FreeRTOS/Source/pairingHeap.o
 .debug_line    0x00000000000011b4      0x160 /home/woods/Documents/Bachelorthesis/ModeLevelTaskModel_RM/build/FreeRTOS/Source/dll.o
 .debug_line    0x0000000000001314       0xc7 /home/woods/Documents/Bachelorthesis/ModeLevelTaskModel_RM/build/Demo/Drivers/irq.o
 .debug_line    0x00000000000013db       0xd7 /home/woods/Documents/Bachelorthesis/ModeLevelTaskModel_RM/build/Demo/Drivers/gpio.o
 .debug_line    0x00000000000014b2      0x157 /home/woods/Documents/Bachelorthesis/ModeLevelTaskModel_RM/build/Demo/Drivers/uart.o
 .debug_line    0x0000000000001609      0x1e2 /home/woods/Documents/Bachelorthesis/ModeLevelTaskModel_RM/build/Demo/Drivers/print_473.o
 .debug_line    0x00000000000017eb      0x131 /home/woods/Documents/Bachelorthesis/ModeLevelTaskModel_RM/build//FreeRTOS/Source/portable/MemMang/heap_4.o
 .debug_line    0x000000000000191c       0xcb /home/woods/Documents/Bachelorthesis/ModeLevelTaskModel_RM/build/Demo/main.o
 .debug_line    0x00000000000019e7       0x78 /usr/lib/gcc/arm-none-eabi/4.9.3/libgcc.a(_udivsi3.o)
 .debug_line    0x0000000000001a5f       0x5b /usr/lib/gcc/arm-none-eabi/4.9.3/libgcc.a(_dvmd_tls.o)
 .debug_line    0x0000000000001aba      0x15e /usr/lib/gcc/arm-none-eabi/4.9.3/libgcc.a(_arm_addsubdf3.o)
 .debug_line    0x0000000000001c18      0x17a /usr/lib/gcc/arm-none-eabi/4.9.3/libgcc.a(_arm_muldivdf3.o)
 .debug_line    0x0000000000001d92       0x70 /usr/lib/gcc/arm-none-eabi/4.9.3/libgcc.a(_arm_fixunsdfsi.o)
 .debug_line    0x0000000000001e02      0x119 /usr/lib/arm-none-eabi/lib/libc.a(lib_a-memcpy.o)
 .debug_line    0x0000000000001f1b      0x11a /usr/lib/arm-none-eabi/lib/libc.a(lib_a-memset.o)
 .debug_line    0x0000000000002035      0x10c /usr/lib/arm-none-eabi/lib/libc.a(lib_a-strncpy.o)

.debug_str      0x0000000000000000     0x98fa
 .debug_str     0x0000000000000000      0x1cd /home/woods/Documents/Bachelorthesis/ModeLevelTaskModel_RM/build/FreeRTOS/Source/portable/GCC/RaspberryPi/port.o
                                        0x219 (size before relaxing)
 .debug_str     0x00000000000001cd      0x10c /home/woods/Documents/Bachelorthesis/ModeLevelTaskModel_RM/build/FreeRTOS/Source/portable/GCC/RaspberryPi/portisr.o
                                        0x18e (size before relaxing)
 .debug_str     0x00000000000002d9      0x379 /home/woods/Documents/Bachelorthesis/ModeLevelTaskModel_RM/build/FreeRTOS/Source/croutine.o
                                        0x439 (size before relaxing)
 .debug_str     0x0000000000000652      0x122 /home/woods/Documents/Bachelorthesis/ModeLevelTaskModel_RM/build/FreeRTOS/Source/list.o
                                        0x26a (size before relaxing)
 .debug_str     0x0000000000000774      0x359 /home/woods/Documents/Bachelorthesis/ModeLevelTaskModel_RM/build/FreeRTOS/Source/queue.o
                                        0x506 (size before relaxing)
 .debug_str     0x0000000000000acd      0x98e /home/woods/Documents/Bachelorthesis/ModeLevelTaskModel_RM/build/FreeRTOS/Source/tasks.o
                                        0xc52 (size before relaxing)
 .debug_str     0x000000000000145b       0xb7 /home/woods/Documents/Bachelorthesis/ModeLevelTaskModel_RM/build/FreeRTOS/Source/binaryHeap.o
                                        0x119 (size before relaxing)
 .debug_str     0x0000000000001512      0x101 /home/woods/Documents/Bachelorthesis/ModeLevelTaskModel_RM/build/FreeRTOS/Source/pairingHeap.o
                                        0x232 (size before relaxing)
 .debug_str     0x0000000000001613       0x61 /home/woods/Documents/Bachelorthesis/ModeLevelTaskModel_RM/build/FreeRTOS/Source/dll.o
                                        0x1d9 (size before relaxing)
 .debug_str     0x0000000000001674      0x16d /home/woods/Documents/Bachelorthesis/ModeLevelTaskModel_RM/build/Demo/Drivers/irq.o
                                        0x1fc (size before relaxing)
 .debug_str     0x00000000000017e1      0x247 /home/woods/Documents/Bachelorthesis/ModeLevelTaskModel_RM/build/Demo/Drivers/gpio.o
                                        0x2d4 (size before relaxing)
 .debug_str     0x0000000000001a28       0x8b /home/woods/Documents/Bachelorthesis/ModeLevelTaskModel_RM/build/Demo/Drivers/uart.o
                                        0x168 (size before relaxing)
 .debug_str     0x0000000000001ab3       0xce /home/woods/Documents/Bachelorthesis/ModeLevelTaskModel_RM/build/Demo/Drivers/print_473.o
                                        0x1a0 (size before relaxing)
 .debug_str     0x0000000000001b81      0x1e1 /home/woods/Documents/Bachelorthesis/ModeLevelTaskModel_RM/build//FreeRTOS/Source/portable/MemMang/heap_4.o
                                        0x2da (size before relaxing)
 .debug_str     0x0000000000001d62     0x7a0e /home/woods/Documents/Bachelorthesis/ModeLevelTaskModel_RM/build/Demo/main.o
                                       0x7b75 (size before relaxing)
 .debug_str     0x0000000000009770      0x110 /usr/lib/arm-none-eabi/lib/libc.a(lib_a-memcpy.o)
                                        0x1a9 (size before relaxing)
 .debug_str     0x0000000000009880       0x46 /usr/lib/arm-none-eabi/lib/libc.a(lib_a-memset.o)
                                        0x196 (size before relaxing)
 .debug_str     0x00000000000098c6       0x34 /usr/lib/arm-none-eabi/lib/libc.a(lib_a-strncpy.o)
                                        0x1ac (size before relaxing)

.comment        0x0000000000000000       0x70
 .comment       0x0000000000000000       0x38 /home/woods/Documents/Bachelorthesis/ModeLevelTaskModel_RM/build/FreeRTOS/Source/portable/GCC/RaspberryPi/port.o
                                         0x39 (size before relaxing)
 .comment       0x0000000000000038       0x39 /home/woods/Documents/Bachelorthesis/ModeLevelTaskModel_RM/build/FreeRTOS/Source/portable/GCC/RaspberryPi/portisr.o
 .comment       0x0000000000000038       0x39 /home/woods/Documents/Bachelorthesis/ModeLevelTaskModel_RM/build/FreeRTOS/Source/croutine.o
 .comment       0x0000000000000038       0x39 /home/woods/Documents/Bachelorthesis/ModeLevelTaskModel_RM/build/FreeRTOS/Source/list.o
 .comment       0x0000000000000038       0x39 /home/woods/Documents/Bachelorthesis/ModeLevelTaskModel_RM/build/FreeRTOS/Source/queue.o
 .comment       0x0000000000000038       0x39 /home/woods/Documents/Bachelorthesis/ModeLevelTaskModel_RM/build/FreeRTOS/Source/tasks.o
 .comment       0x0000000000000038       0x39 /home/woods/Documents/Bachelorthesis/ModeLevelTaskModel_RM/build/FreeRTOS/Source/binaryHeap.o
 .comment       0x0000000000000038       0x39 /home/woods/Documents/Bachelorthesis/ModeLevelTaskModel_RM/build/FreeRTOS/Source/pairingHeap.o
 .comment       0x0000000000000038       0x39 /home/woods/Documents/Bachelorthesis/ModeLevelTaskModel_RM/build/FreeRTOS/Source/dll.o
 .comment       0x0000000000000038       0x39 /home/woods/Documents/Bachelorthesis/ModeLevelTaskModel_RM/build/Demo/Drivers/irq.o
 .comment       0x0000000000000038       0x39 /home/woods/Documents/Bachelorthesis/ModeLevelTaskModel_RM/build/Demo/Drivers/gpio.o
 .comment       0x0000000000000038       0x39 /home/woods/Documents/Bachelorthesis/ModeLevelTaskModel_RM/build/Demo/Drivers/uart.o
 .comment       0x0000000000000038       0x39 /home/woods/Documents/Bachelorthesis/ModeLevelTaskModel_RM/build/Demo/Drivers/print_473.o
 .comment       0x0000000000000038       0x39 /home/woods/Documents/Bachelorthesis/ModeLevelTaskModel_RM/build//FreeRTOS/Source/portable/MemMang/heap_4.o
 .comment       0x0000000000000038       0x39 /home/woods/Documents/Bachelorthesis/ModeLevelTaskModel_RM/build/Demo/main.o
 .comment       0x0000000000000038       0x38 /usr/lib/arm-none-eabi/lib/libc.a(lib_a-memcpy.o)
                                         0x39 (size before relaxing)
 .comment       0x0000000000000070       0x39 /usr/lib/arm-none-eabi/lib/libc.a(lib_a-memset.o)
 .comment       0x0000000000000070       0x39 /usr/lib/arm-none-eabi/lib/libc.a(lib_a-strncpy.o)

.ARM.attributes
                0x0000000000000000       0x2c
 .ARM.attributes
                0x0000000000000000       0x2e /home/woods/Documents/Bachelorthesis/ModeLevelTaskModel_RM/build/FreeRTOS/Source/portable/GCC/RaspberryPi/port.o
 .ARM.attributes
                0x000000000000002e       0x2e /home/woods/Documents/Bachelorthesis/ModeLevelTaskModel_RM/build/FreeRTOS/Source/portable/GCC/RaspberryPi/portisr.o
 .ARM.attributes
                0x000000000000005c       0x2e /home/woods/Documents/Bachelorthesis/ModeLevelTaskModel_RM/build/FreeRTOS/Source/croutine.o
 .ARM.attributes
                0x000000000000008a       0x2e /home/woods/Documents/Bachelorthesis/ModeLevelTaskModel_RM/build/FreeRTOS/Source/list.o
 .ARM.attributes
                0x00000000000000b8       0x2e /home/woods/Documents/Bachelorthesis/ModeLevelTaskModel_RM/build/FreeRTOS/Source/queue.o
 .ARM.attributes
                0x00000000000000e6       0x2e /home/woods/Documents/Bachelorthesis/ModeLevelTaskModel_RM/build/FreeRTOS/Source/tasks.o
 .ARM.attributes
                0x0000000000000114       0x2e /home/woods/Documents/Bachelorthesis/ModeLevelTaskModel_RM/build/FreeRTOS/Source/binaryHeap.o
 .ARM.attributes
                0x0000000000000142       0x2e /home/woods/Documents/Bachelorthesis/ModeLevelTaskModel_RM/build/FreeRTOS/Source/pairingHeap.o
 .ARM.attributes
                0x0000000000000170       0x2e /home/woods/Documents/Bachelorthesis/ModeLevelTaskModel_RM/build/FreeRTOS/Source/dll.o
 .ARM.attributes
                0x000000000000019e       0x2e /home/woods/Documents/Bachelorthesis/ModeLevelTaskModel_RM/build/Demo/Drivers/irq.o
 .ARM.attributes
                0x00000000000001cc       0x2e /home/woods/Documents/Bachelorthesis/ModeLevelTaskModel_RM/build/Demo/Drivers/gpio.o
 .ARM.attributes
                0x00000000000001fa       0x2e /home/woods/Documents/Bachelorthesis/ModeLevelTaskModel_RM/build/Demo/Drivers/uart.o
 .ARM.attributes
                0x0000000000000228       0x2e /home/woods/Documents/Bachelorthesis/ModeLevelTaskModel_RM/build/Demo/Drivers/print_473.o
 .ARM.attributes
                0x0000000000000256       0x2e /home/woods/Documents/Bachelorthesis/ModeLevelTaskModel_RM/build//FreeRTOS/Source/portable/MemMang/heap_4.o
 .ARM.attributes
                0x0000000000000284       0x14 /home/woods/Documents/Bachelorthesis/ModeLevelTaskModel_RM/build/Demo/startup.o
 .ARM.attributes
                0x0000000000000298       0x2e /home/woods/Documents/Bachelorthesis/ModeLevelTaskModel_RM/build/Demo/main.o
 .ARM.attributes
                0x00000000000002c6       0x18 /usr/lib/gcc/arm-none-eabi/4.9.3/libgcc.a(_udivsi3.o)
 .ARM.attributes
                0x00000000000002de       0x18 /usr/lib/gcc/arm-none-eabi/4.9.3/libgcc.a(_dvmd_tls.o)
 .ARM.attributes
                0x00000000000002f6       0x18 /usr/lib/gcc/arm-none-eabi/4.9.3/libgcc.a(_arm_addsubdf3.o)
 .ARM.attributes
                0x000000000000030e       0x18 /usr/lib/gcc/arm-none-eabi/4.9.3/libgcc.a(_arm_muldivdf3.o)
 .ARM.attributes
                0x0000000000000326       0x18 /usr/lib/gcc/arm-none-eabi/4.9.3/libgcc.a(_arm_fixunsdfsi.o)
 .ARM.attributes
                0x000000000000033e       0x30 /usr/lib/arm-none-eabi/lib/libc.a(lib_a-memcpy.o)
 .ARM.attributes
                0x000000000000036e       0x30 /usr/lib/arm-none-eabi/lib/libc.a(lib_a-memset.o)
 .ARM.attributes
                0x000000000000039e       0x30 /usr/lib/arm-none-eabi/lib/libc.a(lib_a-strncpy.o)

.debug_frame    0x0000000000000000     0x12e0
 .debug_frame   0x0000000000000000       0xcc /home/woods/Documents/Bachelorthesis/ModeLevelTaskModel_RM/build/FreeRTOS/Source/portable/GCC/RaspberryPi/port.o
 .debug_frame   0x00000000000000cc       0x90 /home/woods/Documents/Bachelorthesis/ModeLevelTaskModel_RM/build/FreeRTOS/Source/portable/GCC/RaspberryPi/portisr.o
 .debug_frame   0x000000000000015c       0xf0 /home/woods/Documents/Bachelorthesis/ModeLevelTaskModel_RM/build/FreeRTOS/Source/croutine.o
 .debug_frame   0x000000000000024c       0xb0 /home/woods/Documents/Bachelorthesis/ModeLevelTaskModel_RM/build/FreeRTOS/Source/list.o
 .debug_frame   0x00000000000002fc      0x214 /home/woods/Documents/Bachelorthesis/ModeLevelTaskModel_RM/build/FreeRTOS/Source/queue.o
 .debug_frame   0x0000000000000510      0x620 /home/woods/Documents/Bachelorthesis/ModeLevelTaskModel_RM/build/FreeRTOS/Source/tasks.o
 .debug_frame   0x0000000000000b30       0x90 /home/woods/Documents/Bachelorthesis/ModeLevelTaskModel_RM/build/FreeRTOS/Source/binaryHeap.o
 .debug_frame   0x0000000000000bc0       0x94 /home/woods/Documents/Bachelorthesis/ModeLevelTaskModel_RM/build/FreeRTOS/Source/pairingHeap.o
 .debug_frame   0x0000000000000c54       0x50 /home/woods/Documents/Bachelorthesis/ModeLevelTaskModel_RM/build/FreeRTOS/Source/dll.o
 .debug_frame   0x0000000000000ca4       0xf0 /home/woods/Documents/Bachelorthesis/ModeLevelTaskModel_RM/build/Demo/Drivers/irq.o
 .debug_frame   0x0000000000000d94       0xf0 /home/woods/Documents/Bachelorthesis/ModeLevelTaskModel_RM/build/Demo/Drivers/gpio.o
 .debug_frame   0x0000000000000e84      0x10c /home/woods/Documents/Bachelorthesis/ModeLevelTaskModel_RM/build/Demo/Drivers/uart.o
 .debug_frame   0x0000000000000f90      0x14c /home/woods/Documents/Bachelorthesis/ModeLevelTaskModel_RM/build/Demo/Drivers/print_473.o
 .debug_frame   0x00000000000010dc       0xd0 /home/woods/Documents/Bachelorthesis/ModeLevelTaskModel_RM/build//FreeRTOS/Source/portable/MemMang/heap_4.o
 .debug_frame   0x00000000000011ac       0x70 /home/woods/Documents/Bachelorthesis/ModeLevelTaskModel_RM/build/Demo/main.o
 .debug_frame   0x000000000000121c       0x20 /usr/lib/gcc/arm-none-eabi/4.9.3/libgcc.a(_udivsi3.o)
 .debug_frame   0x000000000000123c       0x38 /usr/lib/arm-none-eabi/lib/libc.a(lib_a-memcpy.o)
 .debug_frame   0x0000000000001274       0x30 /usr/lib/arm-none-eabi/lib/libc.a(lib_a-memset.o)
 .debug_frame   0x00000000000012a4       0x3c /usr/lib/arm-none-eabi/lib/libc.a(lib_a-strncpy.o)

.debug_loc      0x0000000000000000      0x4cb
 .debug_loc     0x0000000000000000      0x217 /usr/lib/arm-none-eabi/lib/libc.a(lib_a-memcpy.o)
 .debug_loc     0x0000000000000217      0x198 /usr/lib/arm-none-eabi/lib/libc.a(lib_a-memset.o)
 .debug_loc     0x00000000000003af      0x11c /usr/lib/arm-none-eabi/lib/libc.a(lib_a-strncpy.o)

.debug_ranges   0x0000000000000000       0x30
 .debug_ranges  0x0000000000000000       0x10 /usr/lib/arm-none-eabi/lib/libc.a(lib_a-memcpy.o)
 .debug_ranges  0x0000000000000010       0x10 /usr/lib/arm-none-eabi/lib/libc.a(lib_a-memset.o)
 .debug_ranges  0x0000000000000020       0x10 /usr/lib/arm-none-eabi/lib/libc.a(lib_a-strncpy.o)
